<html>
<body>
<pre>
<h1>礦ision Build Log</h1>
<h2>Tool Versions:</h2>
IDE-Version: μVision V5.36.0.0
Copyright (C) 2021 ARM Ltd and ARM Germany GmbH. All rights reserved.
License Information: 233 lenovo, 233, LIC=8VRJ7-EQA36-UHS8H-WNLLP-BGK9V-4271Y
 
Tool Versions:
Toolchain:       MDK-ARM Plus  Version: 5.36.0.0
Toolchain Path:  C:\Keil_v5\ARM\ARMCC\Bin
C Compiler:      Armcc.exe V5.06 update 7 (build 960)
Assembler:       Armasm.exe V5.06 update 7 (build 960)
Linker/Locator:  ArmLink.exe V5.06 update 7 (build 960)
Library Manager: ArmAr.exe V5.06 update 7 (build 960)
Hex Converter:   FromElf.exe V5.06 update 7 (build 960)
CPU DLL:         SARMCM3.DLL V5.36.0.0
Dialog DLL:      DCM.DLL V1.17.3.0
Target DLL:      CMSIS_AGDI.dll V1.33.0.0
Dialog DLL:      TCM.DLL V1.53.0.0
 
<h2>Project:</h2>
F:\Study\hardware\ti开发\MY_Ti_FREETOS\FREERTOS_1\xingshu.uvprojx
Project File Date:  07/19/2023

<h2>Output:</h2>
*** Using Compiler 'V5.06 update 7 (build 960)', folder: 'C:\Keil_v5\ARM\ARMCC\Bin'
Build target 'Target 1'
Note: source file '.\Peripheral_Proc\src\dirver\lcd.c' - object file renamed from '.\Objects\lcd.o' to '.\Objects\lcd_1.o'.
compiling bsp_uart.c...
.\User\main.h(30): warning:  #1295-D: Deprecated declaration Sys_Tick_Init - give arg types
  void Sys_Tick_Init();
.\User\main.h(33): warning:  #1295-D: Deprecated declaration All_Init - give arg types
  void All_Init();
.\BSP\inc\bsp_gpio.h(8): warning:  #1295-D: Deprecated declaration GPIO_Init - give arg types
  void GPIO_Init(); //初始化gpio引脚
.\BSP\inc\bsp_gpio.h(9): warning:  #1295-D: Deprecated declaration LCD_IO_Init - give arg types
  void LCD_IO_Init();
.\BSP\inc\bsp_tim.h(14): warning:  #1295-D: Deprecated declaration TIM0_Period_Handler - give arg types
  void TIM0_Period_Handler();  //定时器0  32位级联定时器中断处理函数
.\BSP\inc\bsp_tim.h(18): warning:  #1295-D: Deprecated declaration WTIM1_Period_Handler - give arg types
  void WTIM1_Period_Handler();  //定时器1  32位拆分定时器中断处理函数
.\BSP\inc\bsp_tim.h(23): warning:  #1295-D: Deprecated declaration Motor_Init - give arg types
  void Motor_Init();   //电机pwm信号初始化
.\BSP\inc\bsp_tim.h(24): warning:  #1295-D: Deprecated declaration Buzzer_Init - give arg types
  void Buzzer_Init();  //无源蜂鸣器初始化
.\BSP\inc\bsp_tim.h(25): warning:  #1295-D: Deprecated declaration Servo_Init - give arg types
  void Servo_Init();   //舵机初始化
.\BSP\inc\bsp_tim.h(27): warning:  #1295-D: Deprecated declaration TIM_Capture_Init - give arg types
  void TIM_Capture_Init(); //输入捕获
.\BSP\inc\bsp_tim.h(29): warning:  #1295-D: Deprecated declaration PWM_IN_IRQHandler - give arg types
  void PWM_IN_IRQHandler();//输入捕获处理函数
.\BSP\inc\bsp_tim.h(31): warning:  #1295-D: Deprecated declaration Motor_Encoder_Init - give arg types
  void Motor_Encoder_Init();  //编码器初始化
.\BSP\inc\bsp_tim.h(33): warning:  #1295-D: Deprecated declaration TimerQEIinit - give arg types
  void TimerQEIinit();
.\BSP\inc\bsp_tim.h(36): warning:  #1-D: last line of file ends without a newline
  #endif
.\BSP\inc\bsp_adc.h(8): warning:  #1295-D: Deprecated declaration BAT_ADC_Init - give arg types
  void BAT_ADC_Init();
.\BSP\inc\iic_divier.h(361): warning:  #1-D: last line of file ends without a newline
  #endif // __DRIVERLIB_I2C_H__
.\BSP\inc\bsp_iic.h(19): warning:  #1-D: last line of file ends without a newline
  #endif
.\BSP\inc\bsp_spi.h(13): warning:  #1-D: last line of file ends without a newline
  #endif
C:\Users\lenovo\AppData\Local\Arm\Packs\ARM\CMSIS\5.9.0\CMSIS\Core\Include\core_cm4.h(1551): warning:  #47-D: incompatible redefinition of macro "ITM_BASE"  (declared at line 145 of ".\Lib\inc/hw_memmap.h")
  #define ITM_BASE            (0xE0000000UL)                            /*!< ITM Base Address */
C:\Users\lenovo\AppData\Local\Arm\Packs\ARM\CMSIS\5.9.0\CMSIS\Core\Include\core_cm4.h(1552): warning:  #47-D: incompatible redefinition of macro "DWT_BASE"  (declared at line 146 of ".\Lib\inc/hw_memmap.h")
  #define DWT_BASE            (0xE0001000UL)                            /*!< DWT Base Address */
C:\Users\lenovo\AppData\Local\Arm\Packs\ARM\CMSIS\5.9.0\CMSIS\Core\Include\core_cm4.h(1556): warning:  #47-D: incompatible redefinition of macro "NVIC_BASE"  (declared at line 148 of ".\Lib\inc/hw_memmap.h")
  #define NVIC_BASE           (SCS_BASE +  0x0100UL)                    /*!< NVIC Base Address */
C:\Users\lenovo\AppData\Local\Arm\Packs\Keil\TM4C_DFP\1.1.0\Device\Include\TM4C123\TM4C1233H6PM.h(1180): warning:  #47-D: incompatible redefinition of macro "WATCHDOG0_BASE"  (declared at line 51 of ".\Lib\inc/hw_memmap.h")
  #define WATCHDOG0_BASE                  0x40000000UL
C:\Users\lenovo\AppData\Local\Arm\Packs\Keil\TM4C_DFP\1.1.0\Device\Include\TM4C123\TM4C1233H6PM.h(1181): warning:  #47-D: incompatible redefinition of macro "WATCHDOG1_BASE"  (declared at line 52 of ".\Lib\inc/hw_memmap.h")
  #define WATCHDOG1_BASE                  0x40001000UL
C:\Users\lenovo\AppData\Local\Arm\Packs\Keil\TM4C_DFP\1.1.0\Device\Include\TM4C123\TM4C1233H6PM.h(1186): warning:  #47-D: incompatible redefinition of macro "SSI0_BASE"  (declared at line 57 of ".\Lib\inc/hw_memmap.h")
  #define SSI0_BASE                       0x40008000UL
C:\Users\lenovo\AppData\Local\Arm\Packs\Keil\TM4C_DFP\1.1.0\Device\Include\TM4C123\TM4C1233H6PM.h(1187): warning:  #47-D: incompatible redefinition of macro "SSI1_BASE"  (declared at line 58 of ".\Lib\inc/hw_memmap.h")
  #define SSI1_BASE                       0x40009000UL
C:\Users\lenovo\AppData\Local\Arm\Packs\Keil\TM4C_DFP\1.1.0\Device\Include\TM4C123\TM4C1233H6PM.h(1188): warning:  #47-D: incompatible redefinition of macro "SSI2_BASE"  (declared at line 59 of ".\Lib\inc/hw_memmap.h")
  #define SSI2_BASE                       0x4000A000UL
C:\Users\lenovo\AppData\Local\Arm\Packs\Keil\TM4C_DFP\1.1.0\Device\Include\TM4C123\TM4C1233H6PM.h(1189): warning:  #47-D: incompatible redefinition of macro "SSI3_BASE"  (declared at line 60 of ".\Lib\inc/hw_memmap.h")
  #define SSI3_BASE                       0x4000B000UL
C:\Users\lenovo\AppData\Local\Arm\Packs\Keil\TM4C_DFP\1.1.0\Device\Include\TM4C123\TM4C1233H6PM.h(1190): warning:  #47-D: incompatible redefinition of macro "UART0_BASE"  (declared at line 61 of ".\Lib\inc/hw_memmap.h")
  #define UART0_BASE                      0x4000C000UL
C:\Users\lenovo\AppData\Local\Arm\Packs\Keil\TM4C_DFP\1.1.0\Device\Include\TM4C123\TM4C1233H6PM.h(1191): warning:  #47-D: incompatible redefinition of macro "UART1_BASE"  (declared at line 62 of ".\Lib\inc/hw_memmap.h")
  #define UART1_BASE                      0x4000D000UL
C:\Users\lenovo\AppData\Local\Arm\Packs\Keil\TM4C_DFP\1.1.0\Device\Include\TM4C123\TM4C1233H6PM.h(1192): warning:  #47-D: incompatible redefinition of macro "UART2_BASE"  (declared at line 63 of ".\Lib\inc/hw_memmap.h")
  #define UART2_BASE                      0x4000E000UL
C:\Users\lenovo\AppData\Local\Arm\Packs\Keil\TM4C_DFP\1.1.0\Device\Include\TM4C123\TM4C1233H6PM.h(1193): warning:  #47-D: incompatible redefinition of macro "UART3_BASE"  (declared at line 64 of ".\Lib\inc/hw_memmap.h")
  #define UART3_BASE                      0x4000F000UL
C:\Users\lenovo\AppData\Local\Arm\Packs\Keil\TM4C_DFP\1.1.0\Device\Include\TM4C123\TM4C1233H6PM.h(1194): warning:  #47-D: incompatible redefinition of macro "UART4_BASE"  (declared at line 65 of ".\Lib\inc/hw_memmap.h")
  #define UART4_BASE                      0x40010000UL
C:\Users\lenovo\AppData\Local\Arm\Packs\Keil\TM4C_DFP\1.1.0\Device\Include\TM4C123\TM4C1233H6PM.h(1195): warning:  #47-D: incompatible redefinition of macro "UART5_BASE"  (declared at line 66 of ".\Lib\inc/hw_memmap.h")
  #define UART5_BASE                      0x40011000UL
C:\Users\lenovo\AppData\Local\Arm\Packs\Keil\TM4C_DFP\1.1.0\Device\Include\TM4C123\TM4C1233H6PM.h(1196): warning:  #47-D: incompatible redefinition of macro "UART6_BASE"  (declared at line 67 of ".\Lib\inc/hw_memmap.h")
  #define UART6_BASE                      0x40012000UL
C:\Users\lenovo\AppData\Local\Arm\Packs\Keil\TM4C_DFP\1.1.0\Device\Include\TM4C123\TM4C1233H6PM.h(1197): warning:  #47-D: incompatible redefinition of macro "UART7_BASE"  (declared at line 68 of ".\Lib\inc/hw_memmap.h")
  #define UART7_BASE                      0x40013000UL
C:\Users\lenovo\AppData\Local\Arm\Packs\Keil\TM4C_DFP\1.1.0\Device\Include\TM4C123\TM4C1233H6PM.h(1198): warning:  #47-D: incompatible redefinition of macro "I2C0_BASE"  (declared at line 69 of ".\Lib\inc/hw_memmap.h")
  #define I2C0_BASE                       0x40020000UL
C:\Users\lenovo\AppData\Local\Arm\Packs\Keil\TM4C_DFP\1.1.0\Device\Include\TM4C123\TM4C1233H6PM.h(1199): warning:  #47-D: incompatible redefinition of macro "I2C1_BASE"  (declared at line 70 of ".\Lib\inc/hw_memmap.h")
  #define I2C1_BASE                       0x40021000UL
C:\Users\lenovo\AppData\Local\Arm\Packs\Keil\TM4C_DFP\1.1.0\Device\Include\TM4C123\TM4C1233H6PM.h(1200): warning:  #47-D: incompatible redefinition of macro "I2C2_BASE"  (declared at line 71 of ".\Lib\inc/hw_memmap.h")
  #define I2C2_BASE                       0x40022000UL
C:\Users\lenovo\AppData\Local\Arm\Packs\Keil\TM4C_DFP\1.1.0\Device\Include\TM4C123\TM4C1233H6PM.h(1201): warning:  #47-D: incompatible redefinition of macro "I2C3_BASE"  (declared at line 72 of ".\Lib\inc/hw_memmap.h")
  #define I2C3_BASE                       0x40023000UL
C:\Users\lenovo\AppData\Local\Arm\Packs\Keil\TM4C_DFP\1.1.0\Device\Include\TM4C123\TM4C1233H6PM.h(1204): warning:  #47-D: incompatible redefinition of macro "TIMER0_BASE"  (declared at line 81 of ".\Lib\inc/hw_memmap.h")
  #define TIMER0_BASE                     0x40030000UL
C:\Users\lenovo\AppData\Local\Arm\Packs\Keil\TM4C_DFP\1.1.0\Device\Include\TM4C123\TM4C1233H6PM.h(1205): warning:  #47-D: incompatible redefinition of macro "TIMER1_BASE"  (declared at line 82 of ".\Lib\inc/hw_memmap.h")
  #define TIMER1_BASE                     0x40031000UL
C:\Users\lenovo\AppData\Local\Arm\Packs\Keil\TM4C_DFP\1.1.0\Device\Include\TM4C123\TM4C1233H6PM.h(1206): warning:  #47-D: incompatible redefinition of macro "TIMER2_BASE"  (declared at line 83 of ".\Lib\inc/hw_memmap.h")
  #define TIMER2_BASE                     0x40032000UL
C:\Users\lenovo\AppData\Local\Arm\Packs\Keil\TM4C_DFP\1.1.0\Device\Include\TM4C123\TM4C1233H6PM.h(1207): warning:  #47-D: incompatible redefinition of macro "TIMER3_BASE"  (declared at line 84 of ".\Lib\inc/hw_memmap.h")
  #define TIMER3_BASE                     0x40033000UL
C:\Users\lenovo\AppData\Local\Arm\Packs\Keil\TM4C_DFP\1.1.0\Device\Include\TM4C123\TM4C1233H6PM.h(1208): warning:  #47-D: incompatible redefinition of macro "TIMER4_BASE"  (declared at line 85 of ".\Lib\inc/hw_memmap.h")
  #define TIMER4_BASE                     0x40034000UL
C:\Users\lenovo\AppData\Local\Arm\Packs\Keil\TM4C_DFP\1.1.0\Device\Include\TM4C123\TM4C1233H6PM.h(1209): warning:  #47-D: incompatible redefinition of macro "TIMER5_BASE"  (declared at line 86 of ".\Lib\inc/hw_memmap.h")
  #define TIMER5_BASE                     0x40035000UL
C:\Users\lenovo\AppData\Local\Arm\Packs\Keil\TM4C_DFP\1.1.0\Device\Include\TM4C123\TM4C1233H6PM.h(1210): warning:  #47-D: incompatible redefinition of macro "WTIMER0_BASE"  (declared at line 87 of ".\Lib\inc/hw_memmap.h")
  #define WTIMER0_BASE                    0x40036000UL
C:\Users\lenovo\AppData\Local\Arm\Packs\Keil\TM4C_DFP\1.1.0\Device\Include\TM4C123\TM4C1233H6PM.h(1211): warning:  #47-D: incompatible redefinition of macro "WTIMER1_BASE"  (declared at line 88 of ".\Lib\inc/hw_memmap.h")
  #define WTIMER1_BASE                    0x40037000UL
C:\Users\lenovo\AppData\Local\Arm\Packs\Keil\TM4C_DFP\1.1.0\Device\Include\TM4C123\TM4C1233H6PM.h(1212): warning:  #47-D: incompatible redefinition of macro "ADC0_BASE"  (declared at line 89 of ".\Lib\inc/hw_memmap.h")
  #define ADC0_BASE                       0x40038000UL
C:\Users\lenovo\AppData\Local\Arm\Packs\Keil\TM4C_DFP\1.1.0\Device\Include\TM4C123\TM4C1233H6PM.h(1213): warning:  #47-D: incompatible redefinition of macro "ADC1_BASE"  (declared at line 90 of ".\Lib\inc/hw_memmap.h")
  #define ADC1_BASE                       0x40039000UL
C:\Users\lenovo\AppData\Local\Arm\Packs\Keil\TM4C_DFP\1.1.0\Device\Include\TM4C123\TM4C1233H6PM.h(1214): warning:  #47-D: incompatible redefinition of macro "COMP_BASE"  (declared at line 91 of ".\Lib\inc/hw_memmap.h")
  #define COMP_BASE                       0x4003C000UL
C:\Users\lenovo\AppData\Local\Arm\Packs\Keil\TM4C_DFP\1.1.0\Device\Include\TM4C123\TM4C1233H6PM.h(1215): warning:  #47-D: incompatible redefinition of macro "CAN0_BASE"  (declared at line 93 of ".\Lib\inc/hw_memmap.h")
  #define CAN0_BASE                       0x40040000UL
C:\Users\lenovo\AppData\Local\Arm\Packs\Keil\TM4C_DFP\1.1.0\Device\Include\TM4C123\TM4C1233H6PM.h(1216): warning:  #47-D: incompatible redefinition of macro "WTIMER2_BASE"  (declared at line 95 of ".\Lib\inc/hw_memmap.h")
  #define WTIMER2_BASE                    0x4004C000UL
C:\Users\lenovo\AppData\Local\Arm\Packs\Keil\TM4C_DFP\1.1.0\Device\Include\TM4C123\TM4C1233H6PM.h(1217): warning:  #47-D: incompatible redefinition of macro "WTIMER3_BASE"  (declared at line 96 of ".\Lib\inc/hw_memmap.h")
  #define WTIMER3_BASE                    0x4004D000UL
C:\Users\lenovo\AppData\Local\Arm\Packs\Keil\TM4C_DFP\1.1.0\Device\Include\TM4C123\TM4C1233H6PM.h(1218): warning:  #47-D: incompatible redefinition of macro "WTIMER4_BASE"  (declared at line 97 of ".\Lib\inc/hw_memmap.h")
  #define WTIMER4_BASE                    0x4004E000UL
C:\Users\lenovo\AppData\Local\Arm\Packs\Keil\TM4C_DFP\1.1.0\Device\Include\TM4C123\TM4C1233H6PM.h(1219): warning:  #47-D: incompatible redefinition of macro "WTIMER5_BASE"  (declared at line 98 of ".\Lib\inc/hw_memmap.h")
  #define WTIMER5_BASE                    0x4004F000UL
C:\Users\lenovo\AppData\Local\Arm\Packs\Keil\TM4C_DFP\1.1.0\Device\Include\TM4C123\TM4C1233H6PM.h(1220): warning:  #47-D: incompatible redefinition of macro "USB0_BASE"  (declared at line 99 of ".\Lib\inc/hw_memmap.h")
  #define USB0_BASE                       0x40050000UL
C:\Users\lenovo\AppData\Local\Arm\Packs\Keil\TM4C_DFP\1.1.0\Device\Include\TM4C123\TM4C1233H6PM.h(1227): warning:  #47-D: incompatible redefinition of macro "EEPROM_BASE"  (declared at line 121 of ".\Lib\inc/hw_memmap.h")
  #define EEPROM_BASE                     0x400AF000UL
C:\Users\lenovo\AppData\Local\Arm\Packs\Keil\TM4C_DFP\1.1.0\Device\Include\TM4C123\TM4C1233H6PM.h(1228): warning:  #47-D: incompatible redefinition of macro "SYSEXC_BASE"  (declared at line 133 of ".\Lib\inc/hw_memmap.h")
  #define SYSEXC_BASE                     0x400F9000UL
C:\Users\lenovo\AppData\Local\Arm\Packs\Keil\TM4C_DFP\1.1.0\Device\Include\TM4C123\TM4C1233H6PM.h(1229): warning:  #47-D: incompatible redefinition of macro "HIB_BASE"  (declared at line 134 of ".\Lib\inc/hw_memmap.h")
  #define HIB_BASE                        0x400FC000UL
C:\Users\lenovo\AppData\Local\Arm\Packs\Keil\TM4C_DFP\1.1.0\Device\Include\TM4C123\TM4C1233H6PM.h(1230): warning:  #47-D: incompatible redefinition of macro "FLASH_CTRL_BASE"  (declared at line 135 of ".\Lib\inc/hw_memmap.h")
  #define FLASH_CTRL_BASE                 0x400FD000UL
C:\Users\lenovo\AppData\Local\Arm\Packs\Keil\TM4C_DFP\1.1.0\Device\Include\TM4C123\TM4C1233H6PM.h(1231): warning:  #47-D: incompatible redefinition of macro "SYSCTL_BASE"  (declared at line 136 of ".\Lib\inc/hw_memmap.h")
  #define SYSCTL_BASE                     0x400FE000UL
C:\Users\lenovo\AppData\Local\Arm\Packs\Keil\TM4C_DFP\1.1.0\Device\Include\TM4C123\TM4C1233H6PM.h(1232): warning:  #47-D: incompatible redefinition of macro "UDMA_BASE"  (declared at line 137 of ".\Lib\inc/hw_memmap.h")
  #define UDMA_BASE                       0x400FF000UL
.\Peripheral_Proc\inc\rgb_proc.h(19): warning:  #1-D: last line of file ends without a newline
  #endif
.\Peripheral_Proc\inc\key_proc.h(13): warning:  #1295-D: Deprecated declaration KEY_EXIT_Handler - give arg types
  void KEY_EXIT_Handler();
.\Peripheral_Proc\inc\key_proc.h(16): warning:  #1-D: last line of file ends without a newline
  #endif
.\Peripheral_Proc\inc\pc_proc.h(16): warning:  #1-D: last line of file ends without a newline
  #endif
.\Peripheral_Proc\inc\ble_proc.h(16): warning:  #1-D: last line of file ends without a newline
  #endif
.\Peripheral_Proc\inc\buzzer_proc.h(13): warning:  #1295-D: Deprecated declaration Music_Play_Lowbattery - give arg types
  void Music_Play_Lowbattery();  //电机电量不足音乐
.\Peripheral_Proc\inc\buzzer_proc.h(14): warning:  #1295-D: Deprecated declaration Music_Play_StartUp - give arg types
  void Music_Play_StartUp();  //开机音乐
.\Peripheral_Proc\inc\buzzer_proc.h(20): warning:  #1-D: last line of file ends without a newline
  #endif
.\Peripheral_Proc\inc\k210_proc.h(16): warning:  #1-D: last line of file ends without a newline
  #endif
.\Peripheral_Proc\inc\lcd_proc.h(8): warning:  #1-D: last line of file ends without a newline
  #endif
.\Peripheral_Proc\inc\motor_proc.h(21): warning:  #1295-D: Deprecated declaration Motor_Encoder_Init - give arg types
  void Motor_Encoder_Init();
.\Peripheral_Proc\inc\motor_proc.h(23): warning:  #1295-D: Deprecated declaration Motor_Init - give arg types
  void Motor_Init();
.\Peripheral_Proc\inc\motor_proc.h(31): warning:  #1-D: last line of file ends without a newline
  #endif
.\Peripheral_Proc\inc\mpu6050_proc.h(16): warning:  #1-D: last line of file ends without a newline
  #endif
.\Peripheral_Proc\inc\openmv_proc.h(16): warning:  #1-D: last line of file ends without a newline
  #endif
.\Peripheral_Proc\inc\servo_proc.h(14): warning:  #1295-D: Deprecated declaration Servo_Enable_All - give arg types
  void Servo_Enable_All();
.\Peripheral_Proc\inc\servo_proc.h(18): warning:  #1-D: last line of file ends without a newline
  #endif
BSP\src\bsp_uart.c: 79 warnings, 0 errors
linking...
Program Size: Code=27200 RO-data=64144 RW-data=1644 ZI-data=12948  
".\Objects\xingshu.axf" - 0 Error(s), 79 Warning(s).

<h2>Software Packages used:</h2>

Package Vendor: ARM
                http://www.keil.com/pack/ARM.CMSIS.5.9.0.pack
                ARM.CMSIS.5.9.0
                CMSIS (Common Microcontroller Software Interface Standard)
   * Component: RTOS2 Version: 2.1.3
   * Component: CORE Version: 5.6.0

Package Vendor: ARM
                https://www.keil.com/pack/ARM.CMSIS-FreeRTOS.10.5.1.pack
                ARM.CMSIS-FreeRTOS.10.5.1
                Bundle of FreeRTOS for Cortex-M and Cortex-A
   * Component: Config Variant: CMSIS RTOS2 Version: 10.5.1
   * Component: Core Variant: Cortex-M Version: 10.5.1
   * Component: Event Groups Version: 10.5.1
   * Component: Heap Variant: Heap_4 Version: 10.5.1
   * Component: Timers Version: 10.5.1
   * Component: FreeRTOS Variant: Cortex-M Version: 10.5.1

Package Vendor: Keil
                http://www.keil.com/pack/Keil.TM4C_DFP.1.1.0.pack
                Keil.TM4C_DFP.1.1.0
                Texas Instruments Tiva C Series Device Support and Examples
   * Component: Startup Version: 1.0.1

<h2>Collection of Component include folders:</h2>
  .\RTE\RTOS
  .\RTE\_Target_1
  C:\Users\lenovo\AppData\Local\Arm\Packs\ARM\CMSIS-FreeRTOS\10.5.1\CMSIS\RTOS2\FreeRTOS\Include
  C:\Users\lenovo\AppData\Local\Arm\Packs\ARM\CMSIS-FreeRTOS\10.5.1\Source\include
  C:\Users\lenovo\AppData\Local\Arm\Packs\ARM\CMSIS-FreeRTOS\10.5.1\Source\portable\RVDS\ARM_CM4F
  C:\Users\lenovo\AppData\Local\Arm\Packs\ARM\CMSIS\5.9.0\CMSIS\Core\Include
  C:\Users\lenovo\AppData\Local\Arm\Packs\ARM\CMSIS\5.9.0\CMSIS\RTOS2\Include
  C:\Users\lenovo\AppData\Local\Arm\Packs\Keil\TM4C_DFP\1.1.0\Device\Include\TM4C123

<h2>Collection of Component Files used:</h2>

   * Component: ::CMSIS:RTOS2:2.1.3 (API)
      Include file:  CMSIS\RTOS2\Include\cmsis_os2.h

   * Component: ARM.FreeRTOS::RTOS:Config:CMSIS RTOS2:10.5.1
      Include file:  CMSIS\RTOS2\FreeRTOS\Config\ARMCM\FreeRTOSConfig.h

   * Component: ARM.FreeRTOS::RTOS:Core:Cortex-M:10.5.1
      Source file:   Source\portable\RVDS\ARM_CM4F\port.c
      Source file:   Source\list.c
      Include file:  Source\include\queue.h
      Source file:   Source\queue.c
      Include file:  Source\include\task.h
      Source file:   Source\tasks.c
      Include file:  Source\include\semphr.h
      Include file:  Source\include\FreeRTOS.h
      Source file:   CMSIS\RTOS2\FreeRTOS\Source\freertos_evr.c

   * Component: ARM.FreeRTOS::RTOS:Event Groups:10.5.1
      Source file:   Source\event_groups.c
      Include file:  Source\include\event_groups.h

   * Component: ARM.FreeRTOS::RTOS:Heap:Heap_4:10.5.1
      Source file:   Source\portable\MemMang\heap_4.c

   * Component: ARM.FreeRTOS::RTOS:Timers:10.5.1
      Include file:  Source\include\timers.h
      Source file:   Source\timers.c

   * Component: ARM::CMSIS:CORE:5.6.0

   * Component: ARM::CMSIS:RTOS2:FreeRTOS:Cortex-M:10.5.1
      Include file:  CMSIS\RTOS2\FreeRTOS\Include\freertos_mpool.h
      Source file:   CMSIS\RTOS2\FreeRTOS\Source\cmsis_os2.c
      Source file:   CMSIS\RTOS2\FreeRTOS\Source\ARM\clib_arm.c
      Source file:   CMSIS\RTOS2\FreeRTOS\Source\os_systick.c

   * Component: Keil::Device:Startup:1.0.1
      Include file:  Device\Include\TM4C123\TM4C123.h
      Source file:   Device\Source\system_TM4C123.c
      Source file:   Device\Source\ARM\startup_TM4C123.s
Build Time Elapsed:  00:00:01
</pre>
</body>
</html>
