Component: ARM Compiler 5.06 update 7 (build 960) Tool: armlink [4d3601]

==============================================================================

Section Cross References

    main.o(i.All_Init) refers to main.o(i.Sys_Tick_Init) for Sys_Tick_Init
    main.o(i.All_Init) refers to bsp_gpio.o(i.GPIO_Init) for GPIO_Init
    main.o(i.All_Init) refers to bsp_gpio.o(i.LCD_IO_Init) for LCD_IO_Init
    main.o(i.All_Init) refers to bsp_uart.o(i.USART_Init) for USART_Init
    main.o(i.All_Init) refers to bsp_tim.o(i.TIM0_Init) for TIM0_Init
    main.o(i.All_Init) refers to bsp_tim.o(i.WTIM1_Init) for WTIM1_Init
    main.o(i.All_Init) refers to bsp_adc.o(i.BAT_ADC_Init) for BAT_ADC_Init
    main.o(i.All_Init) refers to bsp_iic.o(i.I2C_Init) for I2C_Init
    main.o(i.All_Init) refers to bsp_spi.o(i.SSI_Init) for SSI_Init
    main.o(i.My_Delay_ms) refers to sysctl.o(i.SysCtlClockGet) for SysCtlClockGet
    main.o(i.My_Delay_ms) refers to sysctl.o(.emb_text) for SysCtlDelay
    main.o(i.My_Delay_us) refers to sysctl.o(i.SysCtlClockGet) for SysCtlClockGet
    main.o(i.My_Delay_us) refers to sysctl.o(.emb_text) for SysCtlDelay
    main.o(i.Sys_Tick_Init) refers to sysctl.o(i.SysCtlClockSet) for SysCtlClockSet
    main.o(i.Sys_Tick_Init) refers to sysctl.o(i.SysCtlPWMClockSet) for SysCtlPWMClockSet
    main.o(i.main) refers to main.o(i.All_Init) for All_Init
    main.o(i.main) refers to bsp_tim.o(i.Motor_Encoder_Init) for Motor_Encoder_Init
    main.o(i.main) refers to freertos.o(i.FREERTOS_Init) for FREERTOS_Init
    main.o(i.main) refers to tasks.o(i.vTaskStartScheduler) for vTaskStartScheduler
    freertos.o(i.FREERTOS_Init) refers to printfa.o(i.__0printf) for __2printf
    freertos.o(i.FREERTOS_Init) refers to tasks.o(i.xTaskCreate) for xTaskCreate
    freertos.o(i.FREERTOS_Init) refers to freertos.o(.data) for RGBTaskHandle
    freertos.o(i.FREERTOS_Init) refers to rgb_proc.o(i.RGB_Task_Proc) for RGB_Task_Proc
    freertos.o(i.FREERTOS_Init) refers to key_proc.o(i.Key_Task_Proc) for Key_Task_Proc
    freertos.o(i.FREERTOS_Init) refers to k210_proc.o(i.K210_Task_Proc) for K210_Task_Proc
    freertos.o(i.FREERTOS_Init) refers to openmv_proc.o(i.OpenMV_Task_Proc) for OpenMV_Task_Proc
    freertos.o(i.FREERTOS_Init) refers to servo_proc.o(i.Servo_Task_Proc) for Servo_Task_Proc
    freertos.o(i.FREERTOS_Init) refers to mpu6050_proc.o(i.MPU6050_Task_Proc) for MPU6050_Task_Proc
    freertos.o(i.FREERTOS_Init) refers to pc_proc.o(i.PC_Task_Proc) for PC_Task_Proc
    freertos.o(i.FREERTOS_Init) refers to lcd_proc.o(i.LCD_Task_Proc) for LCD_Task_Proc
    freertos.o(i.FREERTOS_Init) refers to buzzer_proc.o(i.Buzzer_Task_Proc) for Buzzer_Task_Proc
    freertos.o(i.FREERTOS_Init) refers to motor_proc.o(i.Motor_Task_Proc) for Motor_Task_Proc
    freertos.o(i.FREERTOS_Init) refers to motor_proc.o(i.Encoder_Task_Proc) for Encoder_Task_Proc
    freertos.o(i.FREERTOS_Init) refers to ble_proc.o(i.Ble_Task_Proc) for Ble_Task_Proc
    adc.o(i.ADCIntRegister) refers to adc.o(i._ADCIntNumberGet) for _ADCIntNumberGet
    adc.o(i.ADCIntRegister) refers to interrupt.o(i.IntRegister) for IntRegister
    adc.o(i.ADCIntRegister) refers to interrupt.o(i.IntEnable) for IntEnable
    adc.o(i.ADCIntUnregister) refers to adc.o(i._ADCIntNumberGet) for _ADCIntNumberGet
    adc.o(i.ADCIntUnregister) refers to interrupt.o(i.IntDisable) for IntDisable
    adc.o(i.ADCIntUnregister) refers to interrupt.o(i.IntUnregister) for IntUnregister
    adc.o(i.ADCSoftwareOversampleConfigure) refers to adc.o(.data) for g_pui8OversampleFactor
    adc.o(i.ADCSoftwareOversampleDataGet) refers to adc.o(.data) for g_pui8OversampleFactor
    adc.o(i.ADCSoftwareOversampleStepConfigure) refers to adc.o(.data) for g_pui8OversampleFactor
    aes.o(i.AESDataAuth) refers to aes.o(i.AESLengthSet) for AESLengthSet
    aes.o(i.AESDataAuth) refers to aes.o(i.AESDataWrite) for AESDataWrite
    aes.o(i.AESDataAuth) refers to aes.o(i.AESTagRead) for AESTagRead
    aes.o(i.AESDataProcess) refers to aes.o(i.AESLengthSet) for AESLengthSet
    aes.o(i.AESDataProcess) refers to aes.o(i.AESDataWrite) for AESDataWrite
    aes.o(i.AESDataProcess) refers to aes.o(i.AESDataRead) for AESDataRead
    aes.o(i.AESDataProcessAuth) refers to aes.o(i.AESLengthSet) for AESLengthSet
    aes.o(i.AESDataProcessAuth) refers to aes.o(i.AESAuthLengthSet) for AESAuthLengthSet
    aes.o(i.AESDataProcessAuth) refers to aes.o(i.AESDataWrite) for AESDataWrite
    aes.o(i.AESDataProcessAuth) refers to aes.o(i.AESDataRead) for AESDataRead
    aes.o(i.AESDataProcessAuth) refers to aes.o(i.AESTagRead) for AESTagRead
    aes.o(i.AESIntRegister) refers to interrupt.o(i.IntRegister) for IntRegister
    aes.o(i.AESIntRegister) refers to interrupt.o(i.IntEnable) for IntEnable
    aes.o(i.AESIntUnregister) refers to interrupt.o(i.IntDisable) for IntDisable
    aes.o(i.AESIntUnregister) refers to interrupt.o(i.IntUnregister) for IntUnregister
    can.o(i.CANBitRateSet) refers to can.o(.constdata) for g_ui16CANBitValues
[...]
    vtable                                   0x20000400   Section      620  interrupt.o(vtable)
    g_pfnRAMVectors                          0x20000400   Data         620  interrupt.o(vtable)
    .bss                                     0x2000066c   Section     1600  bsp_uart.o(.bss)
    .bss                                     0x20000cac   Section       40  lcd_proc.o(.bss)
    .bss                                     0x20000cd4   Section       32  motor_proc.o(.bss)
    .bss                                     0x20000cf4   Section      112  mpu6050_proc.o(.bss)
    .bss                                     0x20000d64   Section       12  buzzer_proc.o(.bss)
    .bss                                     0x20000d70   Section       12  mpu6050.o(.bss)
    .bss                                     0x20000d7c   Section     1016  cmsis_os2.o(.bss)
    Idle_TCB                                 0x20000d7c   Data          92  cmsis_os2.o(.bss)
    Idle_Stack                               0x20000dd8   Data         512  cmsis_os2.o(.bss)
    Timer_TCB                                0x20000fd8   Data          92  cmsis_os2.o(.bss)
    Timer_Stack                              0x20001034   Data         320  cmsis_os2.o(.bss)
    .bss                                     0x20001174   Section     8192  heap_4.o(.bss)
    ucHeap                                   0x20001174   Data        8192  heap_4.o(.bss)
    .bss                                     0x20003174   Section     1220  tasks.o(.bss)
    pxReadyTasksLists                        0x20003174   Data        1120  tasks.o(.bss)
    xDelayedTaskList1                        0x200035d4   Data          20  tasks.o(.bss)
    xDelayedTaskList2                        0x200035e8   Data          20  tasks.o(.bss)
    xPendingReadyList                        0x200035fc   Data          20  tasks.o(.bss)
    xTasksWaitingTermination                 0x20003610   Data          20  tasks.o(.bss)
    xSuspendedTaskList                       0x20003624   Data          20  tasks.o(.bss)
    .bss                                     0x20003638   Section      200  timers.o(.bss)
    xActiveTimerList1                        0x20003638   Data          20  timers.o(.bss)
    xActiveTimerList2                        0x2000364c   Data          20  timers.o(.bss)
    xStaticTimerQueue                        0x20003660   Data          80  timers.o(.bss)
    ucStaticTimerQueueStorage                0x200036b0   Data          80  timers.o(.bss)
    STACK                                    0x20003700   Section      512  startup_tm4c123.o(STACK)

    Global Symbols

    Symbol Name                              Value     Ov Type        Size  Object(Section)

    BuildAttributes$$THM_ISAv4$E$P$D$K$B$S$7EM$VFPi3$EXTD16$VFPS$VFMA$PE$A:L22UL41UL21$X:L11$S22US41US21$IEEE1$IW$USESV6$~STKCKD$USESV7$~SHL$OTIME$ROPI$IEEEX$EBA8$MICROLIB$REQ8$PRES8$EABIv2 0x00000000   Number         0  anon$$obj.o ABSOLUTE
    __ARM_use_no_argv                        0x00000000   Number         0  main.o ABSOLUTE
    __Vectors                                0x00000000   Data           4  startup_tm4c123.o(RESET)
    _printf_a                                0x00000000   Number         0  stubs.o ABSOLUTE
    _printf_c                                0x00000000   Number         0  stubs.o ABSOLUTE
    _printf_charcount                        0x00000000   Number         0  stubs.o ABSOLUTE
    _printf_d                                0x00000000   Number         0  stubs.o ABSOLUTE
    _printf_e                                0x00000000   Number         0  stubs.o ABSOLUTE
    _printf_f                                0x00000000   Number         0  stubs.o ABSOLUTE
    _printf_flags                            0x00000000   Number         0  stubs.o ABSOLUTE
    _printf_fp_dec                           0x00000000   Number         0  stubs.o ABSOLUTE
    _printf_fp_hex                           0x00000000   Number         0  stubs.o ABSOLUTE
    _printf_g                                0x00000000   Number         0  stubs.o ABSOLUTE
    _printf_i                                0x00000000   Number         0  stubs.o ABSOLUTE
    _printf_int_dec                          0x00000000   Number         0  stubs.o ABSOLUTE
    _printf_l                                0x00000000   Number         0  stubs.o ABSOLUTE
    _printf_lc                               0x00000000   Number         0  stubs.o ABSOLUTE
    _printf_ll                               0x00000000   Number         0  stubs.o ABSOLUTE
    _printf_lld                              0x00000000   Number         0  stubs.o ABSOLUTE
    _printf_lli                              0x00000000   Number         0  stubs.o ABSOLUTE
    _printf_llo                              0x00000000   Number         0  stubs.o ABSOLUTE
    _printf_llu                              0x00000000   Number         0  stubs.o ABSOLUTE
    _printf_llx                              0x00000000   Number         0  stubs.o ABSOLUTE
    _printf_longlong_dec                     0x00000000   Number         0  stubs.o ABSOLUTE
    _printf_longlong_hex                     0x00000000   Number         0  stubs.o ABSOLUTE
    _printf_longlong_oct                     0x00000000   Number         0  stubs.o ABSOLUTE
    _printf_ls                               0x00000000   Number         0  stubs.o ABSOLUTE
    _printf_mbtowc                           0x00000000   Number         0  stubs.o ABSOLUTE
    _printf_n                                0x00000000   Number         0  stubs.o ABSOLUTE
    _printf_o                                0x00000000   Number         0  stubs.o ABSOLUTE
    _printf_p                                0x00000000   Number         0  stubs.o ABSOLUTE
    _printf_percent                          0x00000000   Number         0  stubs.o ABSOLUTE
    _printf_pre_padding                      0x00000000   Number         0  stubs.o ABSOLUTE
    _printf_return_value                     0x00000000   Number         0  stubs.o ABSOLUTE
    _printf_s                                0x00000000   Number         0  stubs.o ABSOLUTE
    _printf_sizespec                         0x00000000   Number         0  stubs.o ABSOLUTE
    _printf_str                              0x00000000   Number         0  stubs.o ABSOLUTE
    _printf_truncate_signed                  0x00000000   Number         0  stubs.o ABSOLUTE
    _printf_truncate_unsigned                0x00000000   Number         0  stubs.o ABSOLUTE
    _printf_u                                0x00000000   Number         0  stubs.o ABSOLUTE
    _printf_wc                               0x00000000   Number         0  stubs.o ABSOLUTE
    _printf_wctomb                           0x00000000   Number         0  stubs.o ABSOLUTE
    _printf_widthprec                        0x00000000   Number         0  stubs.o ABSOLUTE
    _printf_x                                0x00000000   Number         0  stubs.o ABSOLUTE
    __arm_fini_                               - Undefined Weak Reference
    __cpp_initialize__aeabi_                  - Undefined Weak Reference
    __cxa_finalize                            - Undefined Weak Reference
    _clock_init                               - Undefined Weak Reference
    _microlib_exit                            - Undefined Weak Reference
    __Vectors_End                            0x0000026c   Data           0  startup_tm4c123.o(RESET)
    __Vectors_Size                           0x0000026c   Number         0  startup_tm4c123.o ABSOLUTE
    __main                                   0x0000026d   Thumb Code     0  entry.o(.ARM.Collect$$$$00000000)
    _main_stk                                0x0000026d   Thumb Code     0  entry2.o(.ARM.Collect$$$$00000001)
    _main_scatterload                        0x00000271   Thumb Code     0  entry5.o(.ARM.Collect$$$$00000004)
    __main_after_scatterload                 0x00000275   Thumb Code     0  entry5.o(.ARM.Collect$$$$00000004)
    _main_clock                              0x00000275   Thumb Code     0  entry7b.o(.ARM.Collect$$$$00000008)
    _main_cpp_init                           0x00000275   Thumb Code     0  entry8b.o(.ARM.Collect$$$$0000000A)
    _main_init                               0x00000275   Thumb Code     0  entry9a.o(.ARM.Collect$$$$0000000B)
    __rt_lib_shutdown_fini                   0x0000027d   Thumb Code     0  entry12b.o(.ARM.Collect$$$$0000000E)
    __rt_final_cpp                           0x00000281   Thumb Code     0  entry10a.o(.ARM.Collect$$$$0000000F)
    __rt_final_exit                          0x00000281   Thumb Code     0  entry11a.o(.ARM.Collect$$$$00000011)
    CPUcpsid                                 0x00000285   Thumb Code     8  cpu.o(.emb_text)
    CPUprimask                               0x0000028d   Thumb Code     6  cpu.o(.emb_text)
    CPUcpsie                                 0x00000293   Thumb Code     8  cpu.o(.emb_text)
    CPUwfi                                   0x0000029b   Thumb Code     4  cpu.o(.emb_text)
    CPUbasepriSet                            0x0000029f   Thumb Code     6  cpu.o(.emb_text)
    CPUbasepriGet                            0x000002a5   Thumb Code     6  cpu.o(.emb_text)
    SysCtlDelay                              0x000002ad   Thumb Code     6  sysctl.o(.emb_text)
    SVC_Handler                              0x000002b5   Thumb Code    28  port.o(.emb_text)
    __asm___6_port_c_39a90d8d__prvStartFirstTask 0x000002d5   Thumb Code    36  port.o(.emb_text)
    __asm___6_port_c_39a90d8d__prvEnableVFP  0x000002fd   Thumb Code    16  port.o(.emb_text)
    PendSV_Handler                           0x00000311   Thumb Code    88  port.o(.emb_text)
    vPortGetIPSR                             0x0000036d   Thumb Code     6  port.o(.emb_text)
    Reset_Handler                            0x00000375   Thumb Code     8  startup_tm4c123.o(.text)
    NMI_Handler                              0x0000037d   Thumb Code     2  startup_tm4c123.o(.text)
    HardFault_Handler                        0x0000037f   Thumb Code     2  startup_tm4c123.o(.text)
    MemManage_Handler                        0x00000381   Thumb Code     2  startup_tm4c123.o(.text)
    BusFault_Handler                         0x00000383   Thumb Code     2  startup_tm4c123.o(.text)
    UsageFault_Handler                       0x00000385   Thumb Code     2  startup_tm4c123.o(.text)
    DebugMon_Handler                         0x00000389   Thumb Code     2  startup_tm4c123.o(.text)
    GPIOA_Handler                            0x0000038f   Thumb Code     2  startup_tm4c123.o(.text)
    GPIOB_Handler                            0x00000391   Thumb Code     2  startup_tm4c123.o(.text)
    GPIOC_Handler                            0x00000393   Thumb Code     2  startup_tm4c123.o(.text)
    GPIOD_Handler                            0x00000395   Thumb Code     2  startup_tm4c123.o(.text)
    GPIOE_Handler                            0x00000397   Thumb Code     2  startup_tm4c123.o(.text)
    UART0_Handler                            0x00000399   Thumb Code     2  startup_tm4c123.o(.text)
    UART1_Handler                            0x0000039b   Thumb Code     2  startup_tm4c123.o(.text)
    SSI0_Handler                             0x0000039d   Thumb Code     2  startup_tm4c123.o(.text)
    I2C0_Handler                             0x0000039f   Thumb Code     2  startup_tm4c123.o(.text)
    PMW0_FAULT_Handler                       0x000003a1   Thumb Code     2  startup_tm4c123.o(.text)
    PWM0_0_Handler                           0x000003a3   Thumb Code     2  startup_tm4c123.o(.text)
    PWM0_1_Handler                           0x000003a5   Thumb Code     2  startup_tm4c123.o(.text)
    PWM0_2_Handler                           0x000003a7   Thumb Code     2  startup_tm4c123.o(.text)
    QEI0_Handler                             0x000003a9   Thumb Code     2  startup_tm4c123.o(.text)
    ADC0SS0_Handler                          0x000003ab   Thumb Code     2  startup_tm4c123.o(.text)
    ADC0SS1_Handler                          0x000003ad   Thumb Code     2  startup_tm4c123.o(.text)
    ADC0SS2_Handler                          0x000003af   Thumb Code     2  startup_tm4c123.o(.text)
    ADC0SS3_Handler                          0x000003b1   Thumb Code     2  startup_tm4c123.o(.text)
    WDT0_Handler                             0x000003b3   Thumb Code     2  startup_tm4c123.o(.text)
    TIMER0A_Handler                          0x000003b5   Thumb Code     2  startup_tm4c123.o(.text)
    TIMER0B_Handler                          0x000003b7   Thumb Code     2  startup_tm4c123.o(.text)
    TIMER1A_Handler                          0x000003b9   Thumb Code     2  startup_tm4c123.o(.text)
    TIMER1B_Handler                          0x000003bb   Thumb Code     2  startup_tm4c123.o(.text)
    TIMER2A_Handler                          0x000003bd   Thumb Code     2  startup_tm4c123.o(.text)
    TIMER2B_Handler                          0x000003bf   Thumb Code     2  startup_tm4c123.o(.text)
    COMP0_Handler                            0x000003c1   Thumb Code     2  startup_tm4c123.o(.text)
    COMP1_Handler                            0x000003c3   Thumb Code     2  startup_tm4c123.o(.text)
    COMP2_Handler                            0x000003c5   Thumb Code     2  startup_tm4c123.o(.text)
    SYSCTL_Handler                           0x000003c7   Thumb Code     2  startup_tm4c123.o(.text)
    FLASH_Handler                            0x000003c9   Thumb Code     2  startup_tm4c123.o(.text)
    GPIOF_Handler                            0x000003cb   Thumb Code     2  startup_tm4c123.o(.text)
    GPIOG_Handler                            0x000003cd   Thumb Code     2  startup_tm4c123.o(.text)
    GPIOH_Handler                            0x000003cf   Thumb Code     2  startup_tm4c123.o(.text)
    UART2_Handler                            0x000003d1   Thumb Code     2  startup_tm4c123.o(.text)
    SSI1_Handler                             0x000003d3   Thumb Code     2  startup_tm4c123.o(.text)
    TIMER3A_Handler                          0x000003d5   Thumb Code     2  startup_tm4c123.o(.text)
    TIMER3B_Handler                          0x000003d7   Thumb Code     2  startup_tm4c123.o(.text)
    I2C1_Handler                             0x000003d9   Thumb Code     2  startup_tm4c123.o(.text)
    QEI1_Handler                             0x000003db   Thumb Code     2  startup_tm4c123.o(.text)
    CAN0_Handler                             0x000003dd   Thumb Code     2  startup_tm4c123.o(.text)
    CAN1_Handler                             0x000003df   Thumb Code     2  startup_tm4c123.o(.text)
    CAN2_Handler                             0x000003e1   Thumb Code     2  startup_tm4c123.o(.text)
    HIB_Handler                              0x000003e3   Thumb Code     2  startup_tm4c123.o(.text)
    USB0_Handler                             0x000003e5   Thumb Code     2  startup_tm4c123.o(.text)
    PWM0_3_Handler                           0x000003e7   Thumb Code     2  startup_tm4c123.o(.text)
    UDMA_Handler                             0x000003e9   Thumb Code     2  startup_tm4c123.o(.text)
    UDMAERR_Handler                          0x000003eb   Thumb Code     2  startup_tm4c123.o(.text)
    ADC1SS0_Handler                          0x000003ed   Thumb Code     2  startup_tm4c123.o(.text)
    ADC1SS1_Handler                          0x000003ef   Thumb Code     2  startup_tm4c123.o(.text)
    ADC1SS2_Handler                          0x000003f1   Thumb Code     2  startup_tm4c123.o(.text)
    ADC1SS3_Handler                          0x000003f3   Thumb Code     2  startup_tm4c123.o(.text)
    GPIOJ_Handler                            0x000003f5   Thumb Code     2  startup_tm4c123.o(.text)
    GPIOK_Handler                            0x000003f7   Thumb Code     2  startup_tm4c123.o(.text)
    GPIOL_Handler                            0x000003f9   Thumb Code     2  startup_tm4c123.o(.text)
    SSI2_Handler                             0x000003fb   Thumb Code     2  startup_tm4c123.o(.text)
    SSI3_Handler                             0x000003fd   Thumb Code     2  startup_tm4c123.o(.text)
    UART3_Handler                            0x000003ff   Thumb Code     2  startup_tm4c123.o(.text)
    UART4_Handler                            0x00000401   Thumb Code     2  startup_tm4c123.o(.text)
    UART5_Handler                            0x00000403   Thumb Code     2  startup_tm4c123.o(.text)
    UART6_Handler                            0x00000405   Thumb Code     2  startup_tm4c123.o(.text)
    UART7_Handler                            0x00000407   Thumb Code     2  startup_tm4c123.o(.text)
    I2C2_Handler                             0x00000409   Thumb Code     2  startup_tm4c123.o(.text)
    I2C3_Handler                             0x0000040b   Thumb Code     2  startup_tm4c123.o(.text)
    TIMER4A_Handler                          0x0000040d   Thumb Code     2  startup_tm4c123.o(.text)
    TIMER4B_Handler                          0x0000040f   Thumb Code     2  startup_tm4c123.o(.text)
    TIMER5A_Handler                          0x00000411   Thumb Code     2  startup_tm4c123.o(.text)
    TIMER5B_Handler                          0x00000413   Thumb Code     2  startup_tm4c123.o(.text)
    WTIMER0A_Handler                         0x00000415   Thumb Code     2  startup_tm4c123.o(.text)
    WTIMER0B_Handler                         0x00000417   Thumb Code     2  startup_tm4c123.o(.text)
    WTIMER1A_Handler                         0x00000419   Thumb Code     2  startup_tm4c123.o(.text)
    WTIMER1B_Handler                         0x0000041b   Thumb Code     2  startup_tm4c123.o(.text)
    WTIMER2A_Handler                         0x0000041d   Thumb Code     2  startup_tm4c123.o(.text)
    WTIMER2B_Handler                         0x0000041f   Thumb Code     2  startup_tm4c123.o(.text)
    WTIMER3A_Handler                         0x00000421   Thumb Code     2  startup_tm4c123.o(.text)
    WTIMER3B_Handler                         0x00000423   Thumb Code     2  startup_tm4c123.o(.text)
    WTIMER4A_Handler                         0x00000425   Thumb Code     2  startup_tm4c123.o(.text)
    WTIMER4B_Handler                         0x00000427   Thumb Code     2  startup_tm4c123.o(.text)
    WTIMER5A_Handler                         0x00000429   Thumb Code     2  startup_tm4c123.o(.text)
    WTIMER5B_Handler                         0x0000042b   Thumb Code     2  startup_tm4c123.o(.text)
    FPU_Handler                              0x0000042d   Thumb Code     2  startup_tm4c123.o(.text)
    I2C4_Handler                             0x0000042f   Thumb Code     2  startup_tm4c123.o(.text)
    I2C5_Handler                             0x00000431   Thumb Code     2  startup_tm4c123.o(.text)
    GPIOM_Handler                            0x00000433   Thumb Code     2  startup_tm4c123.o(.text)
    GPION_Handler                            0x00000435   Thumb Code     2  startup_tm4c123.o(.text)
    QEI2_Handler                             0x00000437   Thumb Code     2  startup_tm4c123.o(.text)
    GPIOP0_Handler                           0x00000439   Thumb Code     2  startup_tm4c123.o(.text)
    GPIOP1_Handler                           0x0000043b   Thumb Code     2  startup_tm4c123.o(.text)
    GPIOP2_Handler                           0x0000043d   Thumb Code     2  startup_tm4c123.o(.text)
    GPIOP3_Handler                           0x0000043f   Thumb Code     2  startup_tm4c123.o(.text)
    GPIOP4_Handler                           0x00000441   Thumb Code     2  startup_tm4c123.o(.text)
    GPIOP5_Handler                           0x00000443   Thumb Code     2  startup_tm4c123.o(.text)
    GPIOP6_Handler                           0x00000445   Thumb Code     2  startup_tm4c123.o(.text)
    GPIOP7_Handler                           0x00000447   Thumb Code     2  startup_tm4c123.o(.text)
    GPIOQ0_Handler                           0x00000449   Thumb Code     2  startup_tm4c123.o(.text)
    GPIOQ1_Handler                           0x0000044b   Thumb Code     2  startup_tm4c123.o(.text)
    GPIOQ2_Handler                           0x0000044d   Thumb Code     2  startup_tm4c123.o(.text)
    GPIOQ3_Handler                           0x0000044f   Thumb Code     2  startup_tm4c123.o(.text)
    GPIOQ4_Handler                           0x00000451   Thumb Code     2  startup_tm4c123.o(.text)
    GPIOQ5_Handler                           0x00000453   Thumb Code     2  startup_tm4c123.o(.text)
    GPIOQ6_Handler                           0x00000455   Thumb Code     2  startup_tm4c123.o(.text)
    GPIOQ7_Handler                           0x00000457   Thumb Code     2  startup_tm4c123.o(.text)
    GPIOR_Handler                            0x00000459   Thumb Code     2  startup_tm4c123.o(.text)
    GPIOS_Handler                            0x0000045b   Thumb Code     2  startup_tm4c123.o(.text)
    PMW1_0_Handler                           0x0000045d   Thumb Code     2  startup_tm4c123.o(.text)
    PWM1_1_Handler                           0x0000045f   Thumb Code     2  startup_tm4c123.o(.text)
    PWM1_2_Handler                           0x00000461   Thumb Code     2  startup_tm4c123.o(.text)
    PWM1_3_Handler                           0x00000463   Thumb Code     2  startup_tm4c123.o(.text)
    PWM1_FAULT_Handler                       0x00000465   Thumb Code     2  startup_tm4c123.o(.text)
    __aeabi_memcpy                           0x00000471   Thumb Code    36  memcpya.o(.text)
    __aeabi_memcpy4                          0x00000471   Thumb Code     0  memcpya.o(.text)
    __aeabi_memcpy8                          0x00000471   Thumb Code     0  memcpya.o(.text)
    __aeabi_memset                           0x00000495   Thumb Code    14  memseta.o(.text)
    __aeabi_memset4                          0x00000495   Thumb Code     0  memseta.o(.text)
    __aeabi_memset8                          0x00000495   Thumb Code     0  memseta.o(.text)
    __aeabi_memclr                           0x000004a3   Thumb Code     4  memseta.o(.text)
    __aeabi_memclr4                          0x000004a3   Thumb Code     0  memseta.o(.text)
    __aeabi_memclr8                          0x000004a3   Thumb Code     0  memseta.o(.text)
    _memset$wrapper                          0x000004a7   Thumb Code    18  memseta.o(.text)
    __aeabi_dadd                             0x000004b9   Thumb Code   322  dadd.o(.text)
    __aeabi_dsub                             0x000005fb   Thumb Code     6  dadd.o(.text)
    __aeabi_drsub                            0x00000601   Thumb Code     6  dadd.o(.text)
    __aeabi_dmul                             0x00000607   Thumb Code   228  dmul.o(.text)
    __aeabi_ddiv                             0x000006eb   Thumb Code   222  ddiv.o(.text)
    __aeabi_i2d                              0x000007c9   Thumb Code    34  dflti.o(.text)
    __aeabi_ui2d                             0x000007eb   Thumb Code    26  dfltui.o(.text)
    __aeabi_d2uiz                            0x00000805   Thumb Code    50  dfixui.o(.text)
    __aeabi_f2d                              0x00000837   Thumb Code    38  f2d.o(.text)
    __aeabi_cdcmpeq                          0x0000085d   Thumb Code     0  cdcmple.o(.text)
    __aeabi_cdcmple                          0x0000085d   Thumb Code    48  cdcmple.o(.text)
    __aeabi_cdrcmple                         0x0000088d   Thumb Code    48  cdrcmple.o(.text)
    __aeabi_d2f                              0x000008bd   Thumb Code    56  d2f.o(.text)
    __aeabi_uidiv                            0x000008f5   Thumb Code     0  uidiv.o(.text)
    __aeabi_uidivmod                         0x000008f5   Thumb Code    44  uidiv.o(.text)
    __aeabi_uldivmod                         0x00000921   Thumb Code    98  uldiv.o(.text)
    __aeabi_llsl                             0x00000983   Thumb Code    30  llshl.o(.text)
    _ll_shift_l                              0x00000983   Thumb Code     0  llshl.o(.text)
    __aeabi_llsr                             0x000009a1   Thumb Code    32  llushr.o(.text)
    _ll_ushift_r                             0x000009a1   Thumb Code     0  llushr.o(.text)
    __aeabi_lasr                             0x000009c1   Thumb Code    36  llsshr.o(.text)
    _ll_sshift_r                             0x000009c1   Thumb Code     0  llsshr.o(.text)
    __I$use$fp                               0x000009e5   Thumb Code     0  iusefp.o(.text)
    _float_round                             0x000009e5   Thumb Code    18  fepilogue.o(.text)
    _float_epilogue                          0x000009f7   Thumb Code    92  fepilogue.o(.text)
    _double_round                            0x00000a53   Thumb Code    30  depilogue.o(.text)
    _double_epilogue                         0x00000a71   Thumb Code   156  depilogue.o(.text)
    __aeabi_d2ulz                            0x00000b0d   Thumb Code    48  dfixul.o(.text)
    __scatterload                            0x00000b3d   Thumb Code    28  init.o(.text)
    __scatterload_rt2                        0x00000b3d   Thumb Code     0  init.o(.text)
    __decompress                             0x00000b61   Thumb Code     0  __dczerorl.o(.text)
    __decompress0                            0x00000b61   Thumb Code    58  __dczerorl.o(.text)
    ADCIntClear                              0x00000b9b   Thumb Code     8  adc.o(i.ADCIntClear)
    ADCIntStatus                             0x00000ba3   Thumb Code    54  adc.o(i.ADCIntStatus)
    ADCProcessorTrigger                      0x00000bd9   Thumb Code    24  adc.o(i.ADCProcessorTrigger)
    ADCSequenceConfigure                     0x00000bf1   Thumb Code    78  adc.o(i.ADCSequenceConfigure)
    ADCSequenceDataGet                       0x00000c3f   Thumb Code    34  adc.o(i.ADCSequenceDataGet)
    ADCSequenceEnable                        0x00000c61   Thumb Code    12  adc.o(i.ADCSequenceEnable)
    ADCSequenceStepConfigure                 0x00000c6d   Thumb Code   136  adc.o(i.ADCSequenceStepConfigure)
    All_Init                                 0x00000cf5   Thumb Code    44  main.o(i.All_Init)
    BAT_ADC_Init                             0x00000d21   Thumb Code    56  bsp_adc.o(i.BAT_ADC_Init)
    Ble_Task_Proc                            0x00000d69   Thumb Code    10  ble_proc.o(i.Ble_Task_Proc)
    Buzzer_Init                              0x00000d75   Thumb Code   152  bsp_tim.o(i.Buzzer_Init)
    Buzzer_Task_Proc                         0x00000e35   Thumb Code   184  buzzer_proc.o(i.Buzzer_Task_Proc)
    Double_ReadI2C                           0x00000f15   Thumb Code    40  bsp_iic.o(i.Double_ReadI2C)
    Encoder_Task_Proc                        0x00000f3d   Thumb Code    46  motor_proc.o(i.Encoder_Task_Proc)
    FABS                                     0x00000f95   Thumb Code    26  motor_proc.o(i.FABS)
    FREERTOS_Init                            0x00000fb1   Thumb Code  1528  freertos.o(i.FREERTOS_Init)
    GPIODirModeSet                           0x000016b9   Thumb Code    50  gpio.o(i.GPIODirModeSet)
    GPIOIntClear                             0x000016eb   Thumb Code     6  gpio.o(i.GPIOIntClear)
    GPIOIntEnable                            0x000016f1   Thumb Code    12  gpio.o(i.GPIOIntEnable)
    GPIOIntRegister                          0x000016fd   Thumb Code    30  gpio.o(i.GPIOIntRegister)
    GPIOIntStatus                            0x0000171b   Thumb Code    16  gpio.o(i.GPIOIntStatus)
    GPIOIntTypeSet                           0x0000172b   Thumb Code   102  gpio.o(i.GPIOIntTypeSet)
    GPIOPadConfigSet                         0x00001791   Thumb Code   342  gpio.o(i.GPIOPadConfigSet)
    GPIOPinConfigure                         0x000018e9   Thumb Code    70  gpio.o(i.GPIOPinConfigure)
    GPIOPinTypeADC                           0x00001939   Thumb Code    30  gpio.o(i.GPIOPinTypeADC)
    GPIOPinTypeGPIOInput                     0x00001957   Thumb Code    30  gpio.o(i.GPIOPinTypeGPIOInput)
    GPIOPinTypeGPIOOutput                    0x00001975   Thumb Code    30  gpio.o(i.GPIOPinTypeGPIOOutput)
    GPIOPinTypeI2C                           0x00001993   Thumb Code    30  gpio.o(i.GPIOPinTypeI2C)
    GPIOPinTypeI2CSCL                        0x000019b1   Thumb Code    30  gpio.o(i.GPIOPinTypeI2CSCL)
    GPIOPinTypePWM                           0x000019cf   Thumb Code    30  gpio.o(i.GPIOPinTypePWM)
    GPIOPinTypeQEI                           0x000019ed   Thumb Code    30  gpio.o(i.GPIOPinTypeQEI)
    GPIOPinTypeSSI                           0x00001a0b   Thumb Code    30  gpio.o(i.GPIOPinTypeSSI)
    GPIOPinTypeUART                          0x00001a29   Thumb Code    30  gpio.o(i.GPIOPinTypeUART)
    GPIOPinWrite                             0x00001a47   Thumb Code    10  gpio.o(i.GPIOPinWrite)
    GPIO_Init                                0x00001a51   Thumb Code   106  bsp_gpio.o(i.GPIO_Init)
    I2CMasterBusy                            0x00001ad1   Thumb Code    18  i2c.o(i.I2CMasterBusy)
    I2CMasterControl                         0x00001ae3   Thumb Code     4  i2c.o(i.I2CMasterControl)
    I2CMasterDataGet                         0x00001ae7   Thumb Code     6  i2c.o(i.I2CMasterDataGet)
    I2CMasterDataPut                         0x00001aed   Thumb Code     4  i2c.o(i.I2CMasterDataPut)
    I2CMasterEnable                          0x00001af1   Thumb Code    10  i2c.o(i.I2CMasterEnable)
    I2CMasterInitExpClk                      0x00001afd   Thumb Code    78  i2c.o(i.I2CMasterInitExpClk)
    I2CMasterSlaveAddrSet                    0x00001b59   Thumb Code     8  i2c.o(i.I2CMasterSlaveAddrSet)
    I2C_Init                                 0x00001b61   Thumb Code    80  bsp_iic.o(i.I2C_Init)
    IMU_Calibration                          0x00001bc1   Thumb Code   228  mpu6050.o(i.IMU_Calibration)
    IntEnable                                0x00001cb5   Thumb Code   108  interrupt.o(i.IntEnable)
    IntMasterEnable                          0x00001d29   Thumb Code    16  interrupt.o(i.IntMasterEnable)
    IntPrioritySet                           0x00001d39   Thumb Code    46  interrupt.o(i.IntPrioritySet)
    IntRegister                              0x00001d6d   Thumb Code    52  interrupt.o(i.IntRegister)
    K210_Task_Proc                           0x00001da9   Thumb Code    10  k210_proc.o(i.K210_Task_Proc)
    KEY_EXIT_Handler                         0x00001db5   Thumb Code    80  key_proc.o(i.KEY_EXIT_Handler)
    Key_Task_Proc                            0x00001e0d   Thumb Code    10  key_proc.o(i.Key_Task_Proc)
    LCD_Address_Set                          0x00001e17   Thumb Code    58  lcd_init.o(i.LCD_Address_Set)
    LCD_Chinese16ForFile                     0x00001e51   Thumb Code   140  lcd_1.o(i.LCD_Chinese16ForFile)
    LCD_Clear                                0x00001ee1   Thumb Code    20  lcd_1.o(i.LCD_Clear)
    LCD_DrawPoint                            0x00001ef5   Thumb Code    28  lcd_1.o(i.LCD_DrawPoint)
    LCD_Fill                                 0x00001f11   Thumb Code    74  lcd_1.o(i.LCD_Fill)
    LCD_IO_Init                              0x00001f5d   Thumb Code    56  bsp_gpio.o(i.LCD_IO_Init)
    LCD_Init                                 0x00001f9d   Thumb Code   492  lcd_init.o(i.LCD_Init)
    LCD_ShowChar                             0x0000218d   Thumb Code   328  lcd_1.o(i.LCD_ShowChar)
    LCD_ShowString                           0x000022e5   Thumb Code    66  lcd_1.o(i.LCD_ShowString)
    LCD_Task_Proc                            0x00002329   Thumb Code   380  lcd_proc.o(i.LCD_Task_Proc)
    LCD_WR_DATA                              0x0000251d   Thumb Code    18  lcd_init.o(i.LCD_WR_DATA)
    LCD_WR_DATA8                             0x0000252f   Thumb Code    12  lcd_init.o(i.LCD_WR_DATA8)
    LCD_WR_REG                               0x0000253d   Thumb Code    32  lcd_init.o(i.LCD_WR_REG)
    LCD_Writ_Bus                             0x00002561   Thumb Code    36  lcd_init.o(i.LCD_Writ_Bus)
    MPU6050_Init                             0x00002585   Thumb Code   154  mpu6050.o(i.MPU6050_Init)
    MPU6050_Read_Data                        0x00002625   Thumb Code   328  mpu6050.o(i.MPU6050_Read_Data)
    MPU6050_Task_Proc                        0x00002789   Thumb Code   566  mpu6050_proc.o(i.MPU6050_Task_Proc)
    Motor_Encoder_Init                       0x00002a55   Thumb Code   200  bsp_tim.o(i.Motor_Encoder_Init)
    Motor_Get_Value                          0x00002b4d   Thumb Code   148  motor_proc.o(i.Motor_Get_Value)
    Motor_Init                               0x00002bf1   Thumb Code   240  bsp_tim.o(i.Motor_Init)
    Motor_Speed_Set                          0x00002d01   Thumb Code   418  motor_proc.o(i.Motor_Speed_Set)
    Motor_Task_Proc                          0x00002eb1   Thumb Code    46  motor_proc.o(i.Motor_Task_Proc)
    Music_Play_Lowbattery                    0x00002eed   Thumb Code    64  buzzer_proc.o(i.Music_Play_Lowbattery)
    Music_Play_StartUp                       0x00002f2d   Thumb Code    84  buzzer_proc.o(i.Music_Play_StartUp)
    My_Delay_ms                              0x00002f81   Thumb Code    34  main.o(i.My_Delay_ms)
    OpenMV_Task_Proc                         0x00002fa3   Thumb Code    10  openmv_proc.o(i.OpenMV_Task_Proc)
    PC_Task_Proc                             0x00002fad   Thumb Code    12  pc_proc.o(i.PC_Task_Proc)
    PWMGenConfigure                          0x00002fb9   Thumb Code    42  pwm.o(i.PWMGenConfigure)
    PWMGenEnable                             0x00002fe9   Thumb Code    10  pwm.o(i.PWMGenEnable)
    PWMGenPeriodGet                          0x00002ff3   Thumb Code    24  pwm.o(i.PWMGenPeriodGet)
    PWMGenPeriodSet                          0x0000300b   Thumb Code    22  pwm.o(i.PWMGenPeriodSet)
    PWMOutputState                           0x00003021   Thumb Code    20  pwm.o(i.PWMOutputState)
    PWMPulseWidthSet                         0x00003035   Thumb Code    38  pwm.o(i.PWMPulseWidthSet)
    QEIConfigure                             0x0000305b   Thumb Code    14  qei.o(i.QEIConfigure)
    QEIDirectionGet                          0x00003069   Thumb Code    20  qei.o(i.QEIDirectionGet)
    QEIEnable                                0x0000307d   Thumb Code    10  qei.o(i.QEIEnable)
    QEIPositionSet                           0x00003087   Thumb Code     4  qei.o(i.QEIPositionSet)
    QEIVelocityConfigure                     0x0000308b   Thumb Code    16  qei.o(i.QEIVelocityConfigure)
    QEIVelocityEnable                        0x0000309b   Thumb Code    10  qei.o(i.QEIVelocityEnable)
    QEIVelocityGet                           0x000030a5   Thumb Code     6  qei.o(i.QEIVelocityGet)
    RGB_Show_Proc                            0x000030ad   Thumb Code    72  rgb_proc.o(i.RGB_Show_Proc)
    RGB_Task_Proc                            0x000030f9   Thumb Code    50  rgb_proc.o(i.RGB_Task_Proc)
    SSIBusy                                  0x00003131   Thumb Code    10  ssi.o(i.SSIBusy)
    SSIConfigSetExpClk                       0x0000313b   Thumb Code    86  ssi.o(i.SSIConfigSetExpClk)
    SSIDataGetNonBlocking                    0x00003191   Thumb Code    22  ssi.o(i.SSIDataGetNonBlocking)
    SSIDataPutNonBlocking                    0x000031a7   Thumb Code    20  ssi.o(i.SSIDataPutNonBlocking)
    SSIEnable                                0x000031bb   Thumb Code    10  ssi.o(i.SSIEnable)
    SSI_Init                                 0x000031c5   Thumb Code    82  bsp_spi.o(i.SSI_Init)
    Servo_Diver                              0x00003229   Thumb Code   262  servo_proc.o(i.Servo_Diver)
    Servo_Enable_All                         0x00003361   Thumb Code   164  servo_proc.o(i.Servo_Enable_All)
    Servo_Init                               0x00003419   Thumb Code   246  bsp_tim.o(i.Servo_Init)
    Servo_Task_Proc                          0x00003539   Thumb Code    34  servo_proc.o(i.Servo_Task_Proc)
    Single_ReadI2C                           0x0000355b   Thumb Code    16  bsp_iic.o(i.Single_ReadI2C)
    SysCtlClockGet                           0x0000356d   Thumb Code   324  sysctl.o(i.SysCtlClockGet)
    SysCtlClockSet                           0x000036d9   Thumb Code   280  sysctl.o(i.SysCtlClockSet)
    SysCtlPWMClockSet                        0x00003805   Thumb Code    16  sysctl.o(i.SysCtlPWMClockSet)
    SysCtlPeripheralEnable                   0x00003819   Thumb Code    46  sysctl.o(i.SysCtlPeripheralEnable)
    SysTick_Handler                          0x0000384d   Thumb Code    22  cmsis_os2.o(i.SysTick_Handler)
    Sys_Tick_Init                            0x00003865   Thumb Code    18  main.o(i.Sys_Tick_Init)
    SystemInit                               0x0000387d   Thumb Code   112  system_tm4c123.o(i.SystemInit)
    TIM0_Init                                0x00003915   Thumb Code    76  bsp_tim.o(i.TIM0_Init)
    TIM0_Period_Handler                      0x0000396d   Thumb Code    22  bsp_tim.o(i.TIM0_Period_Handler)
    TimerConfigure                           0x00003989   Thumb Code    84  timer.o(i.TimerConfigure)
    TimerEnable                              0x000039e9   Thumb Code    14  timer.o(i.TimerEnable)
    TimerIntClear                            0x000039f7   Thumb Code     4  timer.o(i.TimerIntClear)
    TimerIntEnable                           0x000039fb   Thumb Code     8  timer.o(i.TimerIntEnable)
    TimerIntRegister                         0x00003a03   Thumb Code    38  timer.o(i.TimerIntRegister)
    TimerIntStatus                           0x00003a29   Thumb Code    12  timer.o(i.TimerIntStatus)
    TimerLoadSet                             0x00003a35   Thumb Code    16  timer.o(i.TimerLoadSet)
    UARTCharGetNonBlocking                   0x00003a45   Thumb Code    20  uart.o(i.UARTCharGetNonBlocking)
    UARTCharPut                              0x00003a59   Thumb Code    16  uart.o(i.UARTCharPut)
    UARTCharPutNonBlocking                   0x00003a69   Thumb Code    20  uart.o(i.UARTCharPutNonBlocking)
    UARTCharsAvail                           0x00003a7d   Thumb Code    12  uart.o(i.UARTCharsAvail)
    UARTConfigSetExpClk                      0x00003a89   Thumb Code    76  uart.o(i.UARTConfigSetExpClk)
    UARTDisable                              0x00003ad5   Thumb Code    32  uart.o(i.UARTDisable)
    UARTEnable                               0x00003af5   Thumb Code    20  uart.o(i.UARTEnable)
    UARTFIFODisable                          0x00003b09   Thumb Code    10  uart.o(i.UARTFIFODisable)
    UARTIntClear                             0x00003b13   Thumb Code     4  uart.o(i.UARTIntClear)
    UARTIntEnable                            0x00003b17   Thumb Code     8  uart.o(i.UARTIntEnable)
    UARTIntRegister                          0x00003b1f   Thumb Code    30  uart.o(i.UARTIntRegister)
    UARTIntStatus                            0x00003b3d   Thumb Code    12  uart.o(i.UARTIntStatus)
    USART0_IRQHandler                        0x00003b49   Thumb Code   112  bsp_uart.o(i.USART0_IRQHandler)
    USART1_IRQHandler                        0x00003bdd   Thumb Code   120  bsp_uart.o(i.USART1_IRQHandler)
    USART6_IRQHandler                        0x00003c81   Thumb Code   112  bsp_uart.o(i.USART6_IRQHandler)
    USART7_IRQHandler                        0x00003d15   Thumb Code   112  bsp_uart.o(i.USART7_IRQHandler)
    USART_Init                               0x00003da9   Thumb Code   448  bsp_uart.o(i.USART_Init)
    Uart0_Transmit                           0x00003fb1   Thumb Code    28  bsp_uart.o(i.Uart0_Transmit)
    Uart1_Transmit                           0x00003fd1   Thumb Code    28  bsp_uart.o(i.Uart1_Transmit)
    WTIM1_Init                               0x00003ff1   Thumb Code    90  bsp_tim.o(i.WTIM1_Init)
    WTIM1_Period_Handler                     0x0000405d   Thumb Code    32  bsp_tim.o(i.WTIM1_Period_Handler)
    __0printf                                0x00004175   Thumb Code    22  printfa.o(i.__0printf)
    __1printf                                0x00004175   Thumb Code     0  printfa.o(i.__0printf)
    __2printf                                0x00004175   Thumb Code     0  printfa.o(i.__0printf)
    __c89printf                              0x00004175   Thumb Code     0  printfa.o(i.__0printf)
    printf                                   0x00004175   Thumb Code     0  printfa.o(i.__0printf)
    __0sprintf                               0x00004195   Thumb Code    34  printfa.o(i.__0sprintf)
    __1sprintf                               0x00004195   Thumb Code     0  printfa.o(i.__0sprintf)
    __2sprintf                               0x00004195   Thumb Code     0  printfa.o(i.__0sprintf)
    __c89sprintf                             0x00004195   Thumb Code     0  printfa.o(i.__0sprintf)
    sprintf                                  0x00004195   Thumb Code     0  printfa.o(i.__0sprintf)
    __ARM_fpclassifyf                        0x000041bd   Thumb Code    38  fpclassifyf.o(i.__ARM_fpclassifyf)
    __hardfp_asinf                           0x000041f1   Thumb Code   258  asinf.o(i.__hardfp_asinf)
    __hardfp_atan2f                          0x0000431d   Thumb Code   594  atan2f.o(i.__hardfp_atan2f)
    __mathlib_flt_infnan                     0x000045c9   Thumb Code     6  funder.o(i.__mathlib_flt_infnan)
    __mathlib_flt_infnan2                    0x000045cf   Thumb Code     6  funder.o(i.__mathlib_flt_infnan2)
    __mathlib_flt_invalid                    0x000045d5   Thumb Code    10  funder.o(i.__mathlib_flt_invalid)
    __mathlib_flt_underflow                  0x000045e5   Thumb Code    10  funder.o(i.__mathlib_flt_underflow)
    __scatterload_copy                       0x000045f5   Thumb Code    14  handlers.o(i.__scatterload_copy)
    __scatterload_null                       0x00004603   Thumb Code     2  handlers.o(i.__scatterload_null)
    __scatterload_zeroinit                   0x00004605   Thumb Code    14  handlers.o(i.__scatterload_zeroinit)
    __set_errno                              0x00004615   Thumb Code     6  errno.o(i.__set_errno)
    delay_ms                                 0x00004eb5   Thumb Code    12  lcd_init.o(i.delay_ms)
    driveBuzzer                              0x00004ec1   Thumb Code   134  buzzer_proc.o(i.driveBuzzer)
    fputc                                    0x00004f61   Thumb Code    18  bsp_uart.o(i.fputc)
    i2cRead                                  0x00004f79   Thumb Code    84  bsp_iic.o(i.i2cRead)
    i2cReadData                              0x00004fd1   Thumb Code   166  bsp_iic.o(i.i2cReadData)
    i2cWrite                                 0x0000507d   Thumb Code    20  bsp_iic.o(i.i2cWrite)
    i2cWriteData                             0x00005091   Thumb Code   124  bsp_iic.o(i.i2cWriteData)
    imuUpdate                                0x00005111   Thumb Code  1350  mpu6050_proc.o(i.imuUpdate)
    main                                     0x000056b5   Thumb Code    20  main.o(i.main)
    pvPortMalloc                             0x00005f41   Thumb Code   208  heap_4.o(i.pvPortMalloc)
    pxPortInitialiseStack                    0x00006025   Thumb Code    38  port.o(i.pxPortInitialiseStack)
    sqrtf                                    0x00006051   Thumb Code    62  sqrtf.o(i.sqrtf)
    ucSPI_RW                                 0x00006091   Thumb Code    40  bsp_spi.o(i.ucSPI_RW)
    uxListRemove                             0x000060bd   Thumb Code    40  list.o(i.uxListRemove)
    vApplicationGetIdleTaskMemory            0x000060e5   Thumb Code    14  cmsis_os2.o(i.vApplicationGetIdleTaskMemory)
    vApplicationGetTimerTaskMemory           0x000060fd   Thumb Code    14  cmsis_os2.o(i.vApplicationGetTimerTaskMemory)
    vApplicationStackOverflowHook            0x00006115   Thumb Code     2  cmsis_os2.o(i.vApplicationStackOverflowHook)
    vListInitialise                          0x00006117   Thumb Code    26  list.o(i.vListInitialise)
    vListInitialiseItem                      0x00006131   Thumb Code     6  list.o(i.vListInitialiseItem)
    vListInsert                              0x00006137   Thumb Code    52  list.o(i.vListInsert)
    vPortEnterCritical                       0x0000616d   Thumb Code    30  port.o(i.vPortEnterCritical)
    vPortExitCritical                        0x00006191   Thumb Code    28  port.o(i.vPortExitCritical)
    vPortFree                                0x000061b1   Thumb Code    68  heap_4.o(i.vPortFree)
    vPortSetupTimerInterrupt                 0x000061fd   Thumb Code    36  port.o(i.vPortSetupTimerInterrupt)
    vQueueWaitForMessageRestricted           0x00006225   Thumb Code    74  queue.o(i.vQueueWaitForMessageRestricted)
    vSPI_Transmit                            0x0000626f   Thumb Code    28  bsp_spi.o(i.vSPI_Transmit)
    vTaskDelay                               0x0000628d   Thumb Code    46  tasks.o(i.vTaskDelay)
    vTaskInternalSetTimeOutState             0x000062c1   Thumb Code    14  tasks.o(i.vTaskInternalSetTimeOutState)
    vTaskMissedYield                         0x000062d9   Thumb Code     8  tasks.o(i.vTaskMissedYield)
    vTaskPlaceOnEventList                    0x000062e5   Thumb Code    28  tasks.o(i.vTaskPlaceOnEventList)
    vTaskPlaceOnEventListRestricted          0x00006305   Thumb Code    70  tasks.o(i.vTaskPlaceOnEventListRestricted)
    vTaskStartScheduler                      0x00006351   Thumb Code   124  tasks.o(i.vTaskStartScheduler)
    vTaskSuspendAll                          0x000063ed   Thumb Code    12  tasks.o(i.vTaskSuspendAll)
    vTaskSwitchContext                       0x000063fd   Thumb Code   154  tasks.o(i.vTaskSwitchContext)
    xPortStartScheduler                      0x000064ad   Thumb Code    58  port.o(i.xPortStartScheduler)
    xPortSysTickHandler                      0x000064f5   Thumb Code    46  port.o(i.xPortSysTickHandler)
    xQueueGenericCreateStatic                0x00006529   Thumb Code    62  queue.o(i.xQueueGenericCreateStatic)
    xQueueGenericReset                       0x00006569   Thumb Code   156  queue.o(i.xQueueGenericReset)
    xQueueReceive                            0x00006609   Thumb Code   256  queue.o(i.xQueueReceive)
    xTaskCheckForTimeOut                     0x0000670d   Thumb Code    88  tasks.o(i.xTaskCheckForTimeOut)
    xTaskCreate                              0x0000676d   Thumb Code   108  tasks.o(i.xTaskCreate)
    xTaskCreateStatic                        0x000067d9   Thumb Code    86  tasks.o(i.xTaskCreateStatic)
    xTaskGetSchedulerState                   0x00006831   Thumb Code    24  tasks.o(i.xTaskGetSchedulerState)
    xTaskGetTickCount                        0x00006851   Thumb Code     6  tasks.o(i.xTaskGetTickCount)
    xTaskIncrementTick                       0x0000685d   Thumb Code   354  tasks.o(i.xTaskIncrementTick)
    xTaskRemoveFromEventList                 0x000069ed   Thumb Code   238  tasks.o(i.xTaskRemoveFromEventList)
    xTaskResumeAll                           0x00006af5   Thumb Code   308  tasks.o(i.xTaskResumeAll)
    xTimerCreateTimerTask                    0x00006c4d   Thumb Code    76  timers.o(i.xTimerCreateTimerTask)
    hanzi16                                  0x00007354   Data          64  lcd_1.o(.constdata)
    hanzi32                                  0x00007394   Data         256  lcd_1.o(.constdata)
    ascii_1206                               0x00007494   Data        1140  lcd_1.o(.constdata)
    ascii_1608                               0x00007908   Data        1520  lcd_1.o(.constdata)
    ascii_2412                               0x00007ef8   Data        4560  lcd_1.o(.constdata)
    ascii_3216                               0x000090c8   Data        6080  lcd_1.o(.constdata)
    imageLoge                                0x0000a888   Data        7200  lcd_1.o(.constdata)
    startup                                  0x0000c4a8   Data       40968  lcd_1.o(.constdata)
    Region$$Table$$Base                      0x000164b0   Number         0  anon$$obj.o(Region$$Table)
    Region$$Table$$Limit                     0x000164d0   Number         0  anon$$obj.o(Region$$Table)
    RGBTaskHandle                            0x20000000   Data           4  freertos.o(.data)
    KeyTaskHandle                            0x20000004   Data           4  freertos.o(.data)
    K210TaskHandle                           0x20000008   Data           4  freertos.o(.data)
    OpenMVTaskHandle                         0x2000000c   Data           4  freertos.o(.data)
    ServoTaskHandle                          0x20000010   Data           4  freertos.o(.data)
    MPU6050TaskHandle                        0x20000014   Data           4  freertos.o(.data)
    PCTaskHandle                             0x20000018   Data           4  freertos.o(.data)
    LCDTaskHandle                            0x2000001c   Data           4  freertos.o(.data)
    BuzzerTaskHandle                         0x20000020   Data           4  freertos.o(.data)
    MotorTaskHandle                          0x20000024   Data           4  freertos.o(.data)
    EncoderTaskHandle                        0x20000028   Data           4  freertos.o(.data)
    BleTaskHandle                            0x2000002c   Data           4  freertos.o(.data)
    uwTick                                   0x20000030   Data           4  bsp_tim.o(.data)
    LcdPage                                  0x20000047   Data           1  lcd_proc.o(.data)
    Temp                                     0x20000048   Data           4  mpu6050_proc.o(.data)
    Kp                                       0x2000004c   Data           4  mpu6050_proc.o(.data)
    Ki                                       0x20000050   Data           4  mpu6050_proc.o(.data)
    exInt                                    0x20000054   Data           4  mpu6050_proc.o(.data)
    eyInt                                    0x20000058   Data           4  mpu6050_proc.o(.data)
    ezInt                                    0x2000005c   Data           4  mpu6050_proc.o(.data)
    ucLed                                    0x2000008c   Data           1  rgb_proc.o(.data)
    BatValue                                 0x20000090   Data           4  buzzer_proc.o(.data)
    IMU_ID                                   0x20000094   Data           1  mpu6050.o(.data)
    g_Gyro_xoffset                           0x20000098   Data           4  mpu6050.o(.data)
    g_Gyro_yoffset                           0x2000009c   Data           4  mpu6050.o(.data)
    g_Gyro_zoffset                           0x200000a0   Data           4  mpu6050.o(.data)
    SystemCoreClock                          0x200000a4   Data           4  system_tm4c123.o(.data)
    pxCurrentTCB                             0x200000c8   Data           4  tasks.o(.data)
    uxTopUsedPriority                        0x20000100   Data           4  tasks.o(.data)
    __stdout                                 0x2000011c   Data           4  stdout.o(.data)
    Uart0_TX                                 0x2000066c   Data         200  bsp_uart.o(.bss)
    Uart1_TX                                 0x20000734   Data         200  bsp_uart.o(.bss)
    Uart6_TX                                 0x200007fc   Data         200  bsp_uart.o(.bss)
    Uart7_TX                                 0x200008c4   Data         200  bsp_uart.o(.bss)
    Uart0_RX                                 0x2000098c   Data         200  bsp_uart.o(.bss)
    Uart1_RX                                 0x20000a54   Data         200  bsp_uart.o(.bss)
    Uart6_RX                                 0x20000b1c   Data         200  bsp_uart.o(.bss)
    Uart7_RX                                 0x20000be4   Data         200  bsp_uart.o(.bss)
    LcdDisp                                  0x20000cac   Data          40  lcd_proc.o(.bss)
    MotorA                                   0x20000cd4   Data          16  motor_proc.o(.bss)
    MotorB                                   0x20000ce4   Data          16  motor_proc.o(.bss)
    CarPos                                   0x20000cf4   Data          64  mpu6050_proc.o(.bss)
    Gyro                                     0x20000d34   Data          12  mpu6050_proc.o(.bss)
    Acc                                      0x20000d40   Data          12  mpu6050_proc.o(.bss)
    CarAcc                                   0x20000d4c   Data          12  mpu6050_proc.o(.bss)
    CarGryo                                  0x20000d58   Data          12  mpu6050_proc.o(.bss)
    adcValue                                 0x20000d64   Data          12  buzzer_proc.o(.bss)
    gyro_offset                              0x20000d70   Data          12  mpu6050.o(.bss)
    __initial_sp                             0x20003900   Data           0  startup_tm4c123.o(STACK)



==============================================================================

Memory Map of the image

  Image Entry point : 0x0000026d

  Load Region LR_IROM1 (Base: 0x00000000, Size: 0x00016b3c, Max: 0x00040000, ABSOLUTE, COMPRESSED[0x00016500])

    Execution Region ER_IROM1 (Exec base: 0x00000000, Load base: 0x00000000, Size: 0x000164d0, Max: 0x00040000, ABSOLUTE)

    Exec Addr    Load Addr    Size         Type   Attr      Idx    E Section Name        Object

    0x00000000   0x00000000   0x0000026c   Data   RO         8011    RESET               startup_tm4c123.o
    0x0000026c   0x0000026c   0x00000000   Code   RO         9290  * .ARM.Collect$$$$00000000  mc_w.l(entry.o)
    0x0000026c   0x0000026c   0x00000004   Code   RO         9600    .ARM.Collect$$$$00000001  mc_w.l(entry2.o)
    0x00000270   0x00000270   0x00000004   Code   RO         9603    .ARM.Collect$$$$00000004  mc_w.l(entry5.o)
    0x00000274   0x00000274   0x00000000   Code   RO         9605    .ARM.Collect$$$$00000008  mc_w.l(entry7b.o)
    0x00000274   0x00000274   0x00000000   Code   RO         9607    .ARM.Collect$$$$0000000A  mc_w.l(entry8b.o)
    0x00000274   0x00000274   0x00000008   Code   RO         9608    .ARM.Collect$$$$0000000B  mc_w.l(entry9a.o)
    0x0000027c   0x0000027c   0x00000004   Code   RO         9615    .ARM.Collect$$$$0000000E  mc_w.l(entry12b.o)
    0x00000280   0x00000280   0x00000000   Code   RO         9610    .ARM.Collect$$$$0000000F  mc_w.l(entry10a.o)
    0x00000280   0x00000280   0x00000000   Code   RO         9612    .ARM.Collect$$$$00000011  mc_w.l(entry11a.o)
    0x00000280   0x00000280   0x00000004   Code   RO         9601    .ARM.Collect$$$$00002712  mc_w.l(entry2.o)
    0x00000284   0x00000284   0x00000026   Code   RO          951    .emb_text           cpu.o
    0x000002aa   0x000002aa   0x00000002   PAD
    0x000002ac   0x000002ac   0x00000006   Code   RO         4308    .emb_text           sysctl.o
    0x000002b2   0x000002b2   0x00000002   PAD
    0x000002b4   0x000002b4   0x000000be   Code   RO         8333    .emb_text           port.o
    0x00000372   0x00000372   0x00000002   PAD
    0x00000374   0x00000374   0x000000fc   Code   RO         8012    .text               startup_tm4c123.o
    0x00000470   0x00000470   0x00000024   Code   RO         9293    .text               mc_w.l(memcpya.o)
    0x00000494   0x00000494   0x00000024   Code   RO         9295    .text               mc_w.l(memseta.o)
    0x000004b8   0x000004b8   0x0000014e   Code   RO         9564    .text               mf_w.l(dadd.o)
    0x00000606   0x00000606   0x000000e4   Code   RO         9566    .text               mf_w.l(dmul.o)
    0x000006ea   0x000006ea   0x000000de   Code   RO         9568    .text               mf_w.l(ddiv.o)
    0x000007c8   0x000007c8   0x00000022   Code   RO         9570    .text               mf_w.l(dflti.o)
    0x000007ea   0x000007ea   0x0000001a   Code   RO         9572    .text               mf_w.l(dfltui.o)
    0x00000804   0x00000804   0x00000032   Code   RO         9574    .text               mf_w.l(dfixui.o)
    0x00000836   0x00000836   0x00000026   Code   RO         9576    .text               mf_w.l(f2d.o)
    0x0000085c   0x0000085c   0x00000030   Code   RO         9578    .text               mf_w.l(cdcmple.o)
    0x0000088c   0x0000088c   0x00000030   Code   RO         9580    .text               mf_w.l(cdrcmple.o)
    0x000008bc   0x000008bc   0x00000038   Code   RO         9582    .text               mf_w.l(d2f.o)
    0x000008f4   0x000008f4   0x0000002c   Code   RO         9617    .text               mc_w.l(uidiv.o)
    0x00000920   0x00000920   0x00000062   Code   RO         9619    .text               mc_w.l(uldiv.o)
    0x00000982   0x00000982   0x0000001e   Code   RO         9621    .text               mc_w.l(llshl.o)
    0x000009a0   0x000009a0   0x00000020   Code   RO         9623    .text               mc_w.l(llushr.o)
    0x000009c0   0x000009c0   0x00000024   Code   RO         9625    .text               mc_w.l(llsshr.o)
    0x000009e4   0x000009e4   0x00000000   Code   RO         9634    .text               mc_w.l(iusefp.o)
    0x000009e4   0x000009e4   0x0000006e   Code   RO         9635    .text               mf_w.l(fepilogue.o)
    0x00000a52   0x00000a52   0x000000ba   Code   RO         9637    .text               mf_w.l(depilogue.o)
    0x00000b0c   0x00000b0c   0x00000030   Code   RO         9639    .text               mf_w.l(dfixul.o)
    0x00000b3c   0x00000b3c   0x00000024   Code   RO         9641    .text               mc_w.l(init.o)
    0x00000b60   0x00000b60   0x0000003a   Code   RO         9651    .text               mc_w.l(__dczerorl.o)
    0x00000b9a   0x00000b9a   0x00000008   Code   RO          317    i.ADCIntClear       adc.o
    0x00000ba2   0x00000ba2   0x00000036   Code   RO          324    i.ADCIntStatus      adc.o
    0x00000bd8   0x00000bd8   0x00000018   Code   RO          329    i.ADCProcessorTrigger  adc.o
    0x00000bf0   0x00000bf0   0x0000004e   Code   RO          332    i.ADCSequenceConfigure  adc.o
    0x00000c3e   0x00000c3e   0x00000022   Code   RO          335    i.ADCSequenceDataGet  adc.o
    0x00000c60   0x00000c60   0x0000000c   Code   RO          337    i.ADCSequenceEnable  adc.o
    0x00000c6c   0x00000c6c   0x00000088   Code   RO          340    i.ADCSequenceStepConfigure  adc.o
    0x00000cf4   0x00000cf4   0x0000002c   Code   RO            4    i.All_Init          main.o
    0x00000d20   0x00000d20   0x00000048   Code   RO         6549    i.BAT_ADC_Init      bsp_adc.o
    0x00000d68   0x00000d68   0x0000000a   Code   RO         6599    i.Ble_Task_Proc     ble_proc.o
    0x00000d72   0x00000d72   0x00000002   PAD
    0x00000d74   0x00000d74   0x000000c0   Code   RO         6380    i.Buzzer_Init       bsp_tim.o
    0x00000e34   0x00000e34   0x000000e0   Code   RO         6928    i.Buzzer_Task_Proc  buzzer_proc.o
    0x00000f14   0x00000f14   0x00000028   Code   RO         6272    i.Double_ReadI2C    bsp_iic.o
    0x00000f3c   0x00000f3c   0x00000058   Code   RO         6725    i.Encoder_Task_Proc  motor_proc.o
    0x00000f94   0x00000f94   0x0000001a   Code   RO         6726    i.FABS              motor_proc.o
    0x00000fae   0x00000fae   0x00000002   PAD
    0x00000fb0   0x00000fb0   0x00000708   Code   RO          266    i.FREERTOS_Init     freertos.o
    0x000016b8   0x000016b8   0x00000032   Code   RO         2169    i.GPIODirModeSet    gpio.o
    0x000016ea   0x000016ea   0x00000006   Code   RO         2170    i.GPIOIntClear      gpio.o
    0x000016f0   0x000016f0   0x0000000c   Code   RO         2172    i.GPIOIntEnable     gpio.o
    0x000016fc   0x000016fc   0x0000001e   Code   RO         2173    i.GPIOIntRegister   gpio.o
    0x0000171a   0x0000171a   0x00000010   Code   RO         2175    i.GPIOIntStatus     gpio.o
    0x0000172a   0x0000172a   0x00000066   Code   RO         2177    i.GPIOIntTypeSet    gpio.o
    0x00001790   0x00001790   0x00000156   Code   RO         2181    i.GPIOPadConfigSet  gpio.o
    0x000018e6   0x000018e6   0x00000002   PAD
    0x000018e8   0x000018e8   0x00000050   Code   RO         2182    i.GPIOPinConfigure  gpio.o
    0x00001938   0x00001938   0x0000001e   Code   RO         2184    i.GPIOPinTypeADC    gpio.o
    0x00001956   0x00001956   0x0000001e   Code   RO         2192    i.GPIOPinTypeGPIOInput  gpio.o
    0x00001974   0x00001974   0x0000001e   Code   RO         2193    i.GPIOPinTypeGPIOOutput  gpio.o
    0x00001992   0x00001992   0x0000001e   Code   RO         2196    i.GPIOPinTypeI2C    gpio.o
    0x000019b0   0x000019b0   0x0000001e   Code   RO         2197    i.GPIOPinTypeI2CSCL  gpio.o
    0x000019ce   0x000019ce   0x0000001e   Code   RO         2200    i.GPIOPinTypePWM    gpio.o
    0x000019ec   0x000019ec   0x0000001e   Code   RO         2201    i.GPIOPinTypeQEI    gpio.o
    0x00001a0a   0x00001a0a   0x0000001e   Code   RO         2202    i.GPIOPinTypeSSI    gpio.o
    0x00001a28   0x00001a28   0x0000001e   Code   RO         2205    i.GPIOPinTypeUART   gpio.o
    0x00001a46   0x00001a46   0x0000000a   Code   RO         2211    i.GPIOPinWrite      gpio.o
    0x00001a50   0x00001a50   0x00000080   Code   RO         6242    i.GPIO_Init         bsp_gpio.o
    0x00001ad0   0x00001ad0   0x00000012   Code   RO         2815    i.I2CMasterBusy     i2c.o
    0x00001ae2   0x00001ae2   0x00000004   Code   RO         2816    i.I2CMasterControl  i2c.o
    0x00001ae6   0x00001ae6   0x00000006   Code   RO         2817    i.I2CMasterDataGet  i2c.o
    0x00001aec   0x00001aec   0x00000004   Code   RO         2818    i.I2CMasterDataPut  i2c.o
    0x00001af0   0x00001af0   0x0000000a   Code   RO         2820    i.I2CMasterEnable   i2c.o
    0x00001afa   0x00001afa   0x00000002   PAD
    0x00001afc   0x00001afc   0x0000005c   Code   RO         2823    i.I2CMasterInitExpClk  i2c.o
    0x00001b58   0x00001b58   0x00000008   Code   RO         2833    i.I2CMasterSlaveAddrSet  i2c.o
    0x00001b60   0x00001b60   0x00000060   Code   RO         6273    i.I2C_Init          bsp_iic.o
    0x00001bc0   0x00001bc0   0x000000f4   Code   RO         7320    i.IMU_Calibration   mpu6050.o
    0x00001cb4   0x00001cb4   0x00000074   Code   RO         3145    i.IntEnable         interrupt.o
    0x00001d28   0x00001d28   0x00000010   Code   RO         3148    i.IntMasterEnable   interrupt.o
    0x00001d38   0x00001d38   0x00000034   Code   RO         3156    i.IntPrioritySet    interrupt.o
    0x00001d6c   0x00001d6c   0x0000003c   Code   RO         3157    i.IntRegister       interrupt.o
    0x00001da8   0x00001da8   0x0000000a   Code   RO         6632    i.K210_Task_Proc    k210_proc.o
    0x00001db2   0x00001db2   0x00000002   PAD
    0x00001db4   0x00001db4   0x00000058   Code   RO         6657    i.KEY_EXIT_Handler  key_proc.o
    0x00001e0c   0x00001e0c   0x0000000a   Code   RO         6658    i.Key_Task_Proc     key_proc.o
    0x00001e16   0x00001e16   0x0000003a   Code   RO         7248    i.LCD_Address_Set   lcd_init.o
    0x00001e50   0x00001e50   0x00000090   Code   RO         7135    i.LCD_Chinese16ForFile  lcd_1.o
    0x00001ee0   0x00001ee0   0x00000014   Code   RO         7137    i.LCD_Clear         lcd_1.o
    0x00001ef4   0x00001ef4   0x0000001c   Code   RO         7139    i.LCD_DrawPoint     lcd_1.o
    0x00001f10   0x00001f10   0x0000004a   Code   RO         7141    i.LCD_Fill          lcd_1.o
    0x00001f5a   0x00001f5a   0x00000002   PAD
    0x00001f5c   0x00001f5c   0x00000040   Code   RO         6243    i.LCD_IO_Init       bsp_gpio.o
    0x00001f9c   0x00001f9c   0x000001f0   Code   RO         7249    i.LCD_Init          lcd_init.o
    0x0000218c   0x0000218c   0x00000158   Code   RO         7143    i.LCD_ShowChar      lcd_1.o
    0x000022e4   0x000022e4   0x00000042   Code   RO         7146    i.LCD_ShowString    lcd_1.o
    0x00002326   0x00002326   0x00000002   PAD
    0x00002328   0x00002328   0x000001f4   Code   RO         6688    i.LCD_Task_Proc     lcd_proc.o
    0x0000251c   0x0000251c   0x00000012   Code   RO         7250    i.LCD_WR_DATA       lcd_init.o
    0x0000252e   0x0000252e   0x0000000c   Code   RO         7251    i.LCD_WR_DATA8      lcd_init.o
    0x0000253a   0x0000253a   0x00000002   PAD
    0x0000253c   0x0000253c   0x00000024   Code   RO         7252    i.LCD_WR_REG        lcd_init.o
    0x00002560   0x00002560   0x00000024   Code   RO         7253    i.LCD_Writ_Bus      lcd_init.o
    0x00002584   0x00002584   0x000000a0   Code   RO         7321    i.MPU6050_Init      mpu6050.o
    0x00002624   0x00002624   0x00000164   Code   RO         7322    i.MPU6050_Read_Data  mpu6050.o
    0x00002788   0x00002788   0x000002cc   Code   RO         6781    i.MPU6050_Task_Proc  mpu6050_proc.o
    0x00002a54   0x00002a54   0x000000f8   Code   RO         6381    i.Motor_Encoder_Init  bsp_tim.o
    0x00002b4c   0x00002b4c   0x000000a4   Code   RO         6727    i.Motor_Get_Value   motor_proc.o
    0x00002bf0   0x00002bf0   0x00000110   Code   RO         6382    i.Motor_Init        bsp_tim.o
    0x00002d00   0x00002d00   0x000001b0   Code   RO         6728    i.Motor_Speed_Set   motor_proc.o
    0x00002eb0   0x00002eb0   0x0000003c   Code   RO         6729    i.Motor_Task_Proc   motor_proc.o
    0x00002eec   0x00002eec   0x00000040   Code   RO         6929    i.Music_Play_Lowbattery  buzzer_proc.o
    0x00002f2c   0x00002f2c   0x00000054   Code   RO         6930    i.Music_Play_StartUp  buzzer_proc.o
    0x00002f80   0x00002f80   0x00000022   Code   RO            5    i.My_Delay_ms       main.o
    0x00002fa2   0x00002fa2   0x0000000a   Code   RO         6828    i.OpenMV_Task_Proc  openmv_proc.o
    0x00002fac   0x00002fac   0x0000000c   Code   RO         6573    i.PC_Task_Proc      pc_proc.o
    0x00002fb8   0x00002fb8   0x00000030   Code   RO         3618    i.PWMGenConfigure   pwm.o
    0x00002fe8   0x00002fe8   0x0000000a   Code   RO         3620    i.PWMGenEnable      pwm.o
    0x00002ff2   0x00002ff2   0x00000018   Code   RO         3632    i.PWMGenPeriodGet   pwm.o
    0x0000300a   0x0000300a   0x00000016   Code   RO         3633    i.PWMGenPeriodSet   pwm.o
    0x00003020   0x00003020   0x00000014   Code   RO         3640    i.PWMOutputState    pwm.o
    0x00003034   0x00003034   0x00000026   Code   RO         3643    i.PWMPulseWidthSet  pwm.o
    0x0000305a   0x0000305a   0x0000000e   Code   RO         3848    i.QEIConfigure      qei.o
    0x00003068   0x00003068   0x00000014   Code   RO         3849    i.QEIDirectionGet   qei.o
    0x0000307c   0x0000307c   0x0000000a   Code   RO         3851    i.QEIEnable         qei.o
    0x00003086   0x00003086   0x00000004   Code   RO         3863    i.QEIPositionSet    qei.o
    0x0000308a   0x0000308a   0x00000010   Code   RO         3864    i.QEIVelocityConfigure  qei.o
    0x0000309a   0x0000309a   0x0000000a   Code   RO         3866    i.QEIVelocityEnable  qei.o
    0x000030a4   0x000030a4   0x00000006   Code   RO         3867    i.QEIVelocityGet    qei.o
    0x000030aa   0x000030aa   0x00000002   PAD
    0x000030ac   0x000030ac   0x0000004c   Code   RO         6853    i.RGB_Show_Proc     rgb_proc.o
    0x000030f8   0x000030f8   0x00000038   Code   RO         6854    i.RGB_Task_Proc     rgb_proc.o
    0x00003130   0x00003130   0x0000000a   Code   RO         4121    i.SSIBusy           ssi.o
    0x0000313a   0x0000313a   0x00000056   Code   RO         4124    i.SSIConfigSetExpClk  ssi.o
    0x00003190   0x00003190   0x00000016   Code   RO         4128    i.SSIDataGetNonBlocking  ssi.o
    0x000031a6   0x000031a6   0x00000014   Code   RO         4130    i.SSIDataPutNonBlocking  ssi.o
    0x000031ba   0x000031ba   0x0000000a   Code   RO         4132    i.SSIEnable         ssi.o
    0x000031c4   0x000031c4   0x00000064   Code   RO         6338    i.SSI_Init          bsp_spi.o
    0x00003228   0x00003228   0x00000138   Code   RO         6887    i.Servo_Diver       servo_proc.o
    0x00003360   0x00003360   0x000000b8   Code   RO         6888    i.Servo_Enable_All  servo_proc.o
    0x00003418   0x00003418   0x00000120   Code   RO         6384    i.Servo_Init        bsp_tim.o
    0x00003538   0x00003538   0x00000022   Code   RO         6889    i.Servo_Task_Proc   servo_proc.o
    0x0000355a   0x0000355a   0x00000010   Code   RO         6274    i.Single_ReadI2C    bsp_iic.o
    0x0000356a   0x0000356a   0x00000002   PAD
    0x0000356c   0x0000356c   0x0000016c   Code   RO         4311    i.SysCtlClockGet    sysctl.o
    0x000036d8   0x000036d8   0x0000012c   Code   RO         4313    i.SysCtlClockSet    sysctl.o
    0x00003804   0x00003804   0x00000014   Code   RO         4337    i.SysCtlPWMClockSet  sysctl.o
    0x00003818   0x00003818   0x00000034   Code   RO         4342    i.SysCtlPeripheralEnable  sysctl.o
    0x0000384c   0x0000384c   0x00000016   Code   RO         7400    i.SysTick_Handler   cmsis_os2.o
    0x00003862   0x00003862   0x00000002   PAD
    0x00003864   0x00003864   0x00000018   Code   RO            7    i.Sys_Tick_Init     main.o
    0x0000387c   0x0000387c   0x00000098   Code   RO         8020    i.SystemInit        system_tm4c123.o
    0x00003914   0x00003914   0x00000058   Code   RO         6385    i.TIM0_Init         bsp_tim.o
    0x0000396c   0x0000396c   0x0000001c   Code   RO         6386    i.TIM0_Period_Handler  bsp_tim.o
    0x00003988   0x00003988   0x00000060   Code   RO         4777    i.TimerConfigure    timer.o
    0x000039e8   0x000039e8   0x0000000e   Code   RO         4786    i.TimerEnable       timer.o
    0x000039f6   0x000039f6   0x00000004   Code   RO         4787    i.TimerIntClear     timer.o
    0x000039fa   0x000039fa   0x00000008   Code   RO         4789    i.TimerIntEnable    timer.o
    0x00003a02   0x00003a02   0x00000026   Code   RO         4790    i.TimerIntRegister  timer.o
    0x00003a28   0x00003a28   0x0000000c   Code   RO         4791    i.TimerIntStatus    timer.o
    0x00003a34   0x00003a34   0x00000010   Code   RO         4795    i.TimerLoadSet      timer.o
    0x00003a44   0x00003a44   0x00000014   Code   RO         5024    i.UARTCharGetNonBlocking  uart.o
    0x00003a58   0x00003a58   0x00000010   Code   RO         5025    i.UARTCharPut       uart.o
    0x00003a68   0x00003a68   0x00000014   Code   RO         5026    i.UARTCharPutNonBlocking  uart.o
    0x00003a7c   0x00003a7c   0x0000000c   Code   RO         5027    i.UARTCharsAvail    uart.o
    0x00003a88   0x00003a88   0x0000004c   Code   RO         5031    i.UARTConfigSetExpClk  uart.o
    0x00003ad4   0x00003ad4   0x00000020   Code   RO         5034    i.UARTDisable       uart.o
    0x00003af4   0x00003af4   0x00000014   Code   RO         5036    i.UARTEnable        uart.o
    0x00003b08   0x00003b08   0x0000000a   Code   RO         5038    i.UARTFIFODisable   uart.o
    0x00003b12   0x00003b12   0x00000004   Code   RO         5044    i.UARTIntClear      uart.o
    0x00003b16   0x00003b16   0x00000008   Code   RO         5046    i.UARTIntEnable     uart.o
    0x00003b1e   0x00003b1e   0x0000001e   Code   RO         5047    i.UARTIntRegister   uart.o
    0x00003b3c   0x00003b3c   0x0000000c   Code   RO         5048    i.UARTIntStatus     uart.o
    0x00003b48   0x00003b48   0x00000094   Code   RO         6461    i.USART0_IRQHandler  bsp_uart.o
    0x00003bdc   0x00003bdc   0x000000a4   Code   RO         6462    i.USART1_IRQHandler  bsp_uart.o
    0x00003c80   0x00003c80   0x00000094   Code   RO         6463    i.USART6_IRQHandler  bsp_uart.o
    0x00003d14   0x00003d14   0x00000094   Code   RO         6464    i.USART7_IRQHandler  bsp_uart.o
    0x00003da8   0x00003da8   0x00000208   Code   RO         6465    i.USART_Init        bsp_uart.o
    0x00003fb0   0x00003fb0   0x00000020   Code   RO         6466    i.Uart0_Transmit    bsp_uart.o
    0x00003fd0   0x00003fd0   0x00000020   Code   RO         6467    i.Uart1_Transmit    bsp_uart.o
    0x00003ff0   0x00003ff0   0x0000006c   Code   RO         6388    i.WTIM1_Init        bsp_tim.o
    0x0000405c   0x0000405c   0x00000028   Code   RO         6389    i.WTIM1_Period_Handler  bsp_tim.o
    0x00004084   0x00004084   0x0000004c   Code   RO         2212    i._GPIOIntNumberGet  gpio.o
    0x000040d0   0x000040d0   0x00000058   Code   RO         4811    i._TimerIntNumberGet  timer.o
    0x00004128   0x00004128   0x0000004c   Code   RO         5064    i._UARTIntNumberGet  uart.o
    0x00004174   0x00004174   0x00000020   Code   RO         9536    i.__0printf         mc_w.l(printfa.o)
    0x00004194   0x00004194   0x00000028   Code   RO         9538    i.__0sprintf        mc_w.l(printfa.o)
    0x000041bc   0x000041bc   0x00000026   Code   RO         9584    i.__ARM_fpclassifyf  m_wm.l(fpclassifyf.o)
    0x000041e2   0x000041e2   0x0000000e   Code   RO         7323    i.__ARM_isnanf      mpu6050.o
    0x000041f0   0x000041f0   0x0000012c   Code   RO         9248    i.__hardfp_asinf    m_wm.l(asinf.o)
    0x0000431c   0x0000431c   0x000002ac   Code   RO         9260    i.__hardfp_atan2f   m_wm.l(atan2f.o)
    0x000045c8   0x000045c8   0x00000006   Code   RO         9587    i.__mathlib_flt_infnan  m_wm.l(funder.o)
    0x000045ce   0x000045ce   0x00000006   Code   RO         9588    i.__mathlib_flt_infnan2  m_wm.l(funder.o)
    0x000045d4   0x000045d4   0x00000010   Code   RO         9589    i.__mathlib_flt_invalid  m_wm.l(funder.o)
    0x000045e4   0x000045e4   0x00000010   Code   RO         9592    i.__mathlib_flt_underflow  m_wm.l(funder.o)
    0x000045f4   0x000045f4   0x0000000e   Code   RO         9645    i.__scatterload_copy  mc_w.l(handlers.o)
    0x00004602   0x00004602   0x00000002   Code   RO         9646    i.__scatterload_null  mc_w.l(handlers.o)
    0x00004604   0x00004604   0x0000000e   Code   RO         9647    i.__scatterload_zeroinit  mc_w.l(handlers.o)
    0x00004612   0x00004612   0x00000002   PAD
    0x00004614   0x00004614   0x0000000c   Code   RO         9629    i.__set_errno       mc_w.l(errno.o)
    0x00004620   0x00004620   0x00000184   Code   RO         9543    i._fp_digits        mc_w.l(printfa.o)
    0x000047a4   0x000047a4   0x000006b4   Code   RO         9544    i._printf_core      mc_w.l(printfa.o)
    0x00004e58   0x00004e58   0x00000024   Code   RO         9545    i._printf_post_padding  mc_w.l(printfa.o)
    0x00004e7c   0x00004e7c   0x0000002e   Code   RO         9546    i._printf_pre_padding  mc_w.l(printfa.o)
    0x00004eaa   0x00004eaa   0x0000000a   Code   RO         9548    i._sputc            mc_w.l(printfa.o)
    0x00004eb4   0x00004eb4   0x0000000c   Code   RO         7255    i.delay_ms          lcd_init.o
    0x00004ec0   0x00004ec0   0x000000a0   Code   RO         6931    i.driveBuzzer       buzzer_proc.o
    0x00004f60   0x00004f60   0x00000018   Code   RO         6471    i.fputc             bsp_uart.o
    0x00004f78   0x00004f78   0x00000058   Code   RO         6276    i.i2cRead           bsp_iic.o
    0x00004fd0   0x00004fd0   0x000000ac   Code   RO         6277    i.i2cReadData       bsp_iic.o
    0x0000507c   0x0000507c   0x00000014   Code   RO         6278    i.i2cWrite          bsp_iic.o
    0x00005090   0x00005090   0x00000080   Code   RO         6279    i.i2cWriteData      bsp_iic.o
    0x00005110   0x00005110   0x00000568   Code   RO         6782    i.imuUpdate         mpu6050_proc.o
    0x00005678   0x00005678   0x0000003c   Code   RO         6783    i.invSqrt           mpu6050_proc.o
    0x000056b4   0x000056b4   0x00000014   Code   RO            8    i.main              main.o
    0x000056c8   0x000056c8   0x000000a4   Code   RO         8653    i.prvAddCurrentTaskToDelayedList  tasks.o
    0x0000576c   0x0000576c   0x000000e8   Code   RO         8654    i.prvAddNewTaskToReadyList  tasks.o
    0x00005854   0x00005854   0x0000005c   Code   RO         9065    i.prvCheckForValidListAndQueue  timers.o
    0x000058b0   0x000058b0   0x00000048   Code   RO         8655    i.prvCheckTasksWaitingTermination  tasks.o
    0x000058f8   0x000058f8   0x0000002a   Code   RO         8416    i.prvCopyDataFromQueue  queue.o
    0x00005922   0x00005922   0x00000028   Code   RO         8656    i.prvDeleteTCB      tasks.o
    0x0000594a   0x0000594a   0x00000002   PAD
    0x0000594c   0x0000594c   0x00000028   Code   RO         9066    i.prvGetNextExpireTime  timers.o
    0x00005974   0x00005974   0x00000070   Code   RO         8260    i.prvHeapInit       heap_4.o
    0x000059e4   0x000059e4   0x00000028   Code   RO         8657    i.prvIdleTask       tasks.o
    0x00005a0c   0x00005a0c   0x0000002a   Code   RO         8420    i.prvInitialiseNewQueue  queue.o
    0x00005a36   0x00005a36   0x00000086   Code   RO         8658    i.prvInitialiseNewTask  tasks.o
    0x00005abc   0x00005abc   0x00000068   Code   RO         8659    i.prvInitialiseTaskLists  tasks.o
    0x00005b24   0x00005b24   0x00000068   Code   RO         8261    i.prvInsertBlockIntoFreeList  heap_4.o
    0x00005b8c   0x00005b8c   0x00000058   Code   RO         9068    i.prvInsertTimerInActiveList  timers.o
    0x00005be4   0x00005be4   0x0000001a   Code   RO         8421    i.prvIsQueueEmpty   queue.o
    0x00005bfe   0x00005bfe   0x00000002   PAD
    0x00005c00   0x00005c00   0x00000044   Code   RO         9069    i.prvProcessExpiredTimer  timers.o
    0x00005c44   0x00005c44   0x00000110   Code   RO         9070    i.prvProcessReceivedCommands  timers.o
    0x00005d54   0x00005d54   0x00000074   Code   RO         9071    i.prvProcessTimerOrBlockTask  timers.o
    0x00005dc8   0x00005dc8   0x00000028   Code   RO         9072    i.prvReloadTimer    timers.o
    0x00005df0   0x00005df0   0x00000030   Code   RO         8661    i.prvResetNextTaskUnblockTime  tasks.o
    0x00005e20   0x00005e20   0x0000002c   Code   RO         9073    i.prvSampleTimeNow  timers.o
    0x00005e4c   0x00005e4c   0x00000044   Code   RO         9074    i.prvSwitchTimerLists  timers.o
    0x00005e90   0x00005e90   0x00000016   Code   RO         8334    i.prvTaskExitError  port.o
    0x00005ea6   0x00005ea6   0x0000001a   Code   RO         9075    i.prvTimerTask      timers.o
    0x00005ec0   0x00005ec0   0x0000007e   Code   RO         8423    i.prvUnlockQueue    queue.o
    0x00005f3e   0x00005f3e   0x00000002   PAD
    0x00005f40   0x00005f40   0x000000e4   Code   RO         8263    i.pvPortMalloc      heap_4.o
    0x00006024   0x00006024   0x0000002c   Code   RO         8335    i.pxPortInitialiseStack  port.o
    0x00006050   0x00006050   0x0000003e   Code   RO         9280    i.sqrtf             m_wm.l(sqrtf.o)
    0x0000608e   0x0000608e   0x00000002   PAD
    0x00006090   0x00006090   0x0000002c   Code   RO         6339    i.ucSPI_RW          bsp_spi.o
    0x000060bc   0x000060bc   0x00000028   Code   RO         8209    i.uxListRemove      list.o
    0x000060e4   0x000060e4   0x00000018   Code   RO         7473    i.vApplicationGetIdleTaskMemory  cmsis_os2.o
    0x000060fc   0x000060fc   0x00000018   Code   RO         7474    i.vApplicationGetTimerTaskMemory  cmsis_os2.o
    0x00006114   0x00006114   0x00000002   Code   RO         7475    i.vApplicationStackOverflowHook  cmsis_os2.o
    0x00006116   0x00006116   0x0000001a   Code   RO         8210    i.vListInitialise   list.o
    0x00006130   0x00006130   0x00000006   Code   RO         8211    i.vListInitialiseItem  list.o
    0x00006136   0x00006136   0x00000034   Code   RO         8212    i.vListInsert       list.o
    0x0000616a   0x0000616a   0x00000002   PAD
    0x0000616c   0x0000616c   0x00000024   Code   RO         8337    i.vPortEnterCritical  port.o
    0x00006190   0x00006190   0x00000020   Code   RO         8338    i.vPortExitCritical  port.o
    0x000061b0   0x000061b0   0x0000004c   Code   RO         8264    i.vPortFree         heap_4.o
    0x000061fc   0x000061fc   0x00000028   Code   RO         8339    i.vPortSetupTimerInterrupt  port.o
    0x00006224   0x00006224   0x0000004a   Code   RO         8431    i.vQueueWaitForMessageRestricted  queue.o
    0x0000626e   0x0000626e   0x0000001c   Code   RO         6341    i.vSPI_Transmit     bsp_spi.o
    0x0000628a   0x0000628a   0x00000002   PAD
    0x0000628c   0x0000628c   0x00000034   Code   RO         8675    i.vTaskDelay        tasks.o
    0x000062c0   0x000062c0   0x00000018   Code   RO         8680    i.vTaskInternalSetTimeOutState  tasks.o
    0x000062d8   0x000062d8   0x0000000c   Code   RO         8682    i.vTaskMissedYield  tasks.o
    0x000062e4   0x000062e4   0x00000020   Code   RO         8683    i.vTaskPlaceOnEventList  tasks.o
    0x00006304   0x00006304   0x0000004c   Code   RO         8684    i.vTaskPlaceOnEventListRestricted  tasks.o
    0x00006350   0x00006350   0x0000009c   Code   RO         8692    i.vTaskStartScheduler  tasks.o
    0x000063ec   0x000063ec   0x00000010   Code   RO         8694    i.vTaskSuspendAll   tasks.o
    0x000063fc   0x000063fc   0x000000b0   Code   RO         8695    i.vTaskSwitchContext  tasks.o
    0x000064ac   0x000064ac   0x00000048   Code   RO         8340    i.xPortStartScheduler  port.o
    0x000064f4   0x000064f4   0x00000034   Code   RO         8341    i.xPortSysTickHandler  port.o
    0x00006528   0x00006528   0x0000003e   Code   RO         8437    i.xQueueGenericCreateStatic  queue.o
    0x00006566   0x00006566   0x00000002   PAD
    0x00006568   0x00006568   0x000000a0   Code   RO         8438    i.xQueueGenericReset  queue.o
    0x00006608   0x00006608   0x00000104   Code   RO         8449    i.xQueueReceive     queue.o
    0x0000670c   0x0000670c   0x00000060   Code   RO         8697    i.xTaskCheckForTimeOut  tasks.o
    0x0000676c   0x0000676c   0x0000006c   Code   RO         8698    i.xTaskCreate       tasks.o
    0x000067d8   0x000067d8   0x00000056   Code   RO         8699    i.xTaskCreateStatic  tasks.o
    0x0000682e   0x0000682e   0x00000002   PAD
    0x00006830   0x00006830   0x00000020   Code   RO         8706    i.xTaskGetSchedulerState  tasks.o
    0x00006850   0x00006850   0x0000000c   Code   RO         8707    i.xTaskGetTickCount  tasks.o
    0x0000685c   0x0000685c   0x00000190   Code   RO         8709    i.xTaskIncrementTick  tasks.o
    0x000069ec   0x000069ec   0x00000108   Code   RO         8712    i.xTaskRemoveFromEventList  tasks.o
    0x00006af4   0x00006af4   0x00000158   Code   RO         8713    i.xTaskResumeAll    tasks.o
    0x00006c4c   0x00006c4c   0x00000060   Code   RO         9084    i.xTimerCreateTimerTask  timers.o
    0x00006cac   0x00006cac   0x00000228   Data   RO         2213    .constdata          gpio.o
    0x00006ed4   0x00006ed4   0x0000010c   Data   RO         3161    .constdata          interrupt.o
    0x00006fe0   0x00006fe0   0x00000254   Data   RO         4366    .constdata          sysctl.o
    0x00007234   0x00007234   0x000000a0   Data   RO         4812    .constdata          timer.o
    0x000072d4   0x000072d4   0x00000080   Data   RO         5065    .constdata          uart.o
    0x00007354   0x00007354   0x0000f15c   Data   RO         7148    .constdata          lcd_1.o
    0x000164b0   0x000164b0   0x00000020   Data   RO         9643    Region$$Table       anon$$obj.o


    Execution Region RW_IRAM1 (Exec base: 0x20000000, Load base: 0x000164d0, Size: 0x00003900, Max: 0x00008000, ABSOLUTE, COMPRESSED[0x00000030])

    Exec Addr    Load Addr    Size         Type   Attr      Idx    E Section Name        Object

    0x20000000   COMPRESSED   0x00000030   Data   RW          267    .data               freertos.o
    0x20000030   COMPRESSED   0x0000000d   Data   RW         6390    .data               bsp_tim.o
    0x2000003d   COMPRESSED   0x00000001   PAD
    0x2000003e   COMPRESSED   0x00000008   Data   RW         6473    .data               bsp_uart.o
    0x20000046   COMPRESSED   0x00000001   Data   RW         6659    .data               key_proc.o
    0x20000047   COMPRESSED   0x00000001   Data   RW         6690    .data               lcd_proc.o
    0x20000048   COMPRESSED   0x00000044   Data   RW         6785    .data               mpu6050_proc.o
    0x2000008c   COMPRESSED   0x00000001   Data   RW         6855    .data               rgb_proc.o
    0x2000008d   COMPRESSED   0x00000003   PAD
    0x20000090   COMPRESSED   0x00000004   Data   RW         6933    .data               buzzer_proc.o
    0x20000094   COMPRESSED   0x00000010   Data   RW         7325    .data               mpu6050.o
    0x200000a4   COMPRESSED   0x00000004   Data   RW         8022    .data               system_tm4c123.o
    0x200000a8   COMPRESSED   0x0000001c   Data   RW         8270    .data               heap_4.o
    0x200000c4   COMPRESSED   0x00000004   Data   RW         8342    .data               port.o
    0x200000c8   COMPRESSED   0x00000040   Data   RW         8716    .data               tasks.o
    0x20000108   COMPRESSED   0x00000014   Data   RW         9094    .data               timers.o
    0x2000011c   COMPRESSED   0x00000004   Data   RW         9616    .data               mc_w.l(stdout.o)
    0x20000120   COMPRESSED   0x00000004   Data   RW         9630    .data               mc_w.l(errno.o)
    0x20000124   COMPRESSED   0x000002dc   PAD
    0x20000400   COMPRESSED   0x0000026c   Data   RW         3162    vtable              interrupt.o
    0x2000066c        -       0x00000640   Zero   RW         6472    .bss                bsp_uart.o
    0x20000cac        -       0x00000028   Zero   RW         6689    .bss                lcd_proc.o
    0x20000cd4        -       0x00000020   Zero   RW         6730    .bss                motor_proc.o
    0x20000cf4        -       0x00000070   Zero   RW         6784    .bss                mpu6050_proc.o
    0x20000d64        -       0x0000000c   Zero   RW         6932    .bss                buzzer_proc.o
    0x20000d70        -       0x0000000c   Zero   RW         7324    .bss                mpu6050.o
    0x20000d7c        -       0x000003f8   Zero   RW         7476    .bss                cmsis_os2.o
    0x20001174        -       0x00002000   Zero   RW         8269    .bss                heap_4.o
    0x20003174        -       0x000004c4   Zero   RW         8715    .bss                tasks.o
    0x20003638        -       0x000000c8   Zero   RW         9093    .bss                timers.o
    0x20003700        -       0x00000200   Zero   RW         8009    STACK               startup_tm4c123.o


==============================================================================

Image component sizes


      Code (inc. data)   RO Data    RW Data    ZI Data      Debug   Object Name

       346          0          0          0          0       5618   adc.o
        10          0          0          0          0        508   ble_proc.o
        72         16          0          0          0        499   bsp_adc.o
       192         30          0          0          0       1010   bsp_gpio.o
       560         30          0          0          0       4835   bsp_iic.o
       172         22          0          0          0       1986   bsp_spi.o
      1264        206          0         13          0       4724   bsp_tim.o
      1216        238          0          8       1600       5765   bsp_uart.o
       532         66          0          4         12       3074   buzzer_proc.o
         0          0          0          0          0       5472   clib_arm.o
        72         20          0          0       1016      31103   cmsis_os2.o
        38          0          0          0          0        596   cpu.o
         0          0          0          0          0      12012   event_groups.o
      1800       1274          0         48          0       1532   freertos.o
       994         30        552          0          0      12874   gpio.o
       520         58          0         28       8192       5159   heap_4.o
       142         14          0          0          0       4125   i2c.o
       244         22        268        620          0       3429   interrupt.o
        10          0          0          0          0        513   k210_proc.o
        98          8          0          1          0       1095   key_proc.o
       676         20      61788          0          0       6654   lcd_1.o
       668          8          0          0          0       4349   lcd_init.o
       500        120          0          1         40       3133   lcd_proc.o
       124          0          0          0          0      12501   list.o
       122          6          0          0          0      23844   main.o
       770         86          0          0         32       3629   motor_proc.o
       774         50          0         16         12       3391   mpu6050.o
      2160        248          0         68        112       5316   mpu6050_proc.o
        10          0          0          0          0        523   openmv_proc.o
        12          0          0          0          0        503   pc_proc.o
       488         56          0          4          0      10212   port.o
       162          6          0          0          0       3753   pwm.o
        80          0          0          0          0       3886   qei.o
       792          8          0          0          0      11506   queue.o
       132         10          0          1          0       1380   rgb_proc.o
       530         70          0          0          0       1863   servo_proc.o
       148          0          0          0          0       3879   ssi.o
       252         10        620          0        512       5432   startup_tm4c123.o
       742         70        596          0          0       4887   sysctl.o
       152         40          0          4          0        851   system_tm4c123.o
      2720        332          0         64       1220      43978   tasks.o
       276         32        160          0          0       5923   timer.o
       950        110          0         20        200      12292   timers.o
       336         20        128          0          0       8681   uart.o
         0          0          0          0          0       4571   wp_math.o

    ----------------------------------------------------------------------
     21900       3336      64144        904      12948     292866   Object Totals
         0          0         32          0          0          0   (incl. Generated)
        42          0          0          4          0          0   (incl. Padding)

    ----------------------------------------------------------------------

      Code (inc. data)   RO Data    RW Data    ZI Data      Debug   Library Member Name

       300         42          0          0          0        176   asinf.o
       684         90          0          0          0        208   atan2f.o
        38          0          0          0          0        116   fpclassifyf.o
        44         12          0          0          0        464   funder.o
        62          0          0          0          0        136   sqrtf.o
        58          0          0          0          0          0   __dczerorl.o
         0          0          0          0          0          0   entry.o
         0          0          0          0          0          0   entry10a.o
         0          0          0          0          0          0   entry11a.o
         4          0          0          0          0          0   entry12b.o
         8          4          0          0          0          0   entry2.o
         4          0          0          0          0          0   entry5.o
         0          0          0          0          0          0   entry7b.o
         0          0          0          0          0          0   entry8b.o
         8          4          0          0          0          0   entry9a.o
        12          6          0          4          0         68   errno.o
        30          0          0          0          0          0   handlers.o
        36          8          0          0          0         68   init.o
         0          0          0          0          0          0   iusefp.o
        30          0          0          0          0         68   llshl.o
        36          0          0          0          0         68   llsshr.o
        32          0          0          0          0         68   llushr.o
        36          0          0          0          0         68   memcpya.o
        36          0          0          0          0        108   memseta.o
      2268         96          0          0          0        616   printfa.o
         0          0          0          4          0          0   stdout.o
        44          0          0          0          0         80   uidiv.o
        98          0          0          0          0         92   uldiv.o
        48          0          0          0          0         68   cdcmple.o
        48          0          0          0          0         68   cdrcmple.o
        56          0          0          0          0         88   d2f.o
       334          0          0          0          0        148   dadd.o
       222          0          0          0          0        100   ddiv.o
       186          0          0          0          0        176   depilogue.o
        50          0          0          0          0         76   dfixui.o
        48          0          0          0          0         68   dfixul.o
        34          0          0          0          0         76   dflti.o
        26          0          0          0          0         76   dfltui.o
       228          0          0          0          0         96   dmul.o
        38          0          0          0          0         68   f2d.o
       110          0          0          0          0        168   fepilogue.o

    ----------------------------------------------------------------------
      5300        262          0        740          0       3680   Library Totals
         4          0          0        732          0          0   (incl. Padding)

    ----------------------------------------------------------------------

      Code (inc. data)   RO Data    RW Data    ZI Data      Debug   Library Name

      1128        144          0          0          0       1100   m_wm.l
      2740        118          0          8          0       1304   mc_w.l
      1428          0          0          0          0       1276   mf_w.l

    ----------------------------------------------------------------------
      5300        262          0        740          0       3680   Library Totals

    ----------------------------------------------------------------------

==============================================================================


      Code (inc. data)   RO Data    RW Data    ZI Data      Debug   

     27200       3598      64144       1644      12948     273078   Grand Totals
     27200       3598      64144         48      12948     273078   ELF Image Totals (compressed)
     27200       3598      64144         48          0          0   ROM Totals

==============================================================================

    Total RO  Size (Code + RO Data)                91344 (  89.20kB)
    Total RW  Size (RW Data + ZI Data)             14592 (  14.25kB)
    Total ROM Size (Code + RO Data + RW Data)      91392 (  89.25kB)

==============================================================================

